Archive member included because of file (symbol)

C:\Users\Matt\AppData\Local\arduino15\packages\arduino\hardware\sam\1.6.9\variants\arduino_due_x/libsam_sam3x8e_gcc_rel.a(pio.o)
                              C:\Users\Matt\AppData\Local\Temp\VMBuilds\KeyboardSim\arduino_due_x_dbg\Wire\Wire.cpp.o (PIO_Configure)
C:\Users\Matt\AppData\Local\arduino15\packages\arduino\hardware\sam\1.6.9\variants\arduino_due_x/libsam_sam3x8e_gcc_rel.a(pmc.o)
                              C:\Users\Matt\AppData\Local\Temp\VMBuilds\KeyboardSim\arduino_due_x_dbg\Wire\Wire.cpp.o (pmc_enable_periph_clk)
C:\Users\Matt\AppData\Local\arduino15\packages\arduino\hardware\sam\1.6.9\variants\arduino_due_x/libsam_sam3x8e_gcc_rel.a(twi.o)
                              C:\Users\Matt\AppData\Local\Temp\VMBuilds\KeyboardSim\arduino_due_x_dbg\Wire\Wire.cpp.o (TWI_SetClock)
C:\Users\Matt\AppData\Local\arduino15\packages\arduino\hardware\sam\1.6.9\variants\arduino_due_x/libsam_sam3x8e_gcc_rel.a(system_sam3xa.o)
                              C:\Users\Matt\AppData\Local\Temp\VMBuilds\KeyboardSim\arduino_due_x_dbg\variant\variant.cpp.o (SystemInit)
C:\Users\Matt\AppData\Local\arduino15\packages\arduino\hardware\sam\1.6.9\variants\arduino_due_x/libsam_sam3x8e_gcc_rel.a(startup_sam3xa.o)
                              (Reset_Handler)
C:\Users\Matt\AppData\Local\arduino15\packages\arduino\hardware\sam\1.6.9\variants\arduino_due_x/libsam_sam3x8e_gcc_rel.a(adc.o)
                              C:\Users\Matt\AppData\Local\Temp\VMBuilds\KeyboardSim\arduino_due_x_dbg\variant\variant.cpp.o (adc_init)
C:\Users\Matt\AppData\Local\arduino15\packages\arduino\hardware\sam\1.6.9\variants\arduino_due_x/libsam_sam3x8e_gcc_rel.a(uotghs.o)
                              C:\Users\Matt\AppData\Local\arduino15\packages\arduino\hardware\sam\1.6.9\variants\arduino_due_x/libsam_sam3x8e_gcc_rel.a(startup_sam3xa.o) (UOTGHS_Handler)
C:\Users\Matt\AppData\Local\Temp\VMBuilds\KeyboardSim\arduino_due_x_dbg/core.a(cortex_handlers.c.o)
                              C:\Users\Matt\AppData\Local\arduino15\packages\arduino\hardware\sam\1.6.9\variants\arduino_due_x/libsam_sam3x8e_gcc_rel.a(startup_sam3xa.o) (NMI_Handler)
C:\Users\Matt\AppData\Local\Temp\VMBuilds\KeyboardSim\arduino_due_x_dbg/core.a(hooks.c.o)
                              C:\Users\Matt\AppData\Local\Temp\VMBuilds\KeyboardSim\arduino_due_x_dbg/core.a(cortex_handlers.c.o) (sysTickHook)
C:\Users\Matt\AppData\Local\Temp\VMBuilds\KeyboardSim\arduino_due_x_dbg/core.a(syscalls_sam3.c.o)
                              (_sbrk)
C:\Users\Matt\AppData\Local\Temp\VMBuilds\KeyboardSim\arduino_due_x_dbg/core.a(wiring.c.o)
                              C:\Users\Matt\AppData\Local\Temp\VMBuilds\KeyboardSim\arduino_due_x_dbg\VM_DBG\VM_DBG.cpp.o (millis)
C:\Users\Matt\AppData\Local\Temp\VMBuilds\KeyboardSim\arduino_due_x_dbg/core.a(wiring_analog.c.o)
                              C:\Users\Matt\AppData\Local\Temp\VMBuilds\KeyboardSim\arduino_due_x_dbg\variant\variant.cpp.o (analogOutputInit)
C:\Users\Matt\AppData\Local\Temp\VMBuilds\KeyboardSim\arduino_due_x_dbg/core.a(wiring_digital.c.o)
                              C:\Users\Matt\AppData\Local\Temp\VMBuilds\KeyboardSim\arduino_due_x_dbg\KeyboardSim.cpp.o (pinMode)
C:\Users\Matt\AppData\Local\Temp\VMBuilds\KeyboardSim\arduino_due_x_dbg/core.a(abi.cpp.o)
                              C:\Users\Matt\AppData\Local\Temp\VMBuilds\KeyboardSim\arduino_due_x_dbg\Wire\Wire.cpp.o (__cxa_pure_virtual)
C:\Users\Matt\AppData\Local\Temp\VMBuilds\KeyboardSim\arduino_due_x_dbg/core.a(main.cpp.o)
                              c:/users/matt/appdata/local/arduino15/packages/arduino/tools/arm-none-eabi-gcc/4.8.3-2014q1/bin/../lib/gcc/arm-none-eabi/4.8.3/../../../../arm-none-eabi/lib/armv7-m/crt0.o (main)
C:\Users\Matt\AppData\Local\Temp\VMBuilds\KeyboardSim\arduino_due_x_dbg/core.a(Print.cpp.o)
                              C:\Users\Matt\AppData\Local\Temp\VMBuilds\KeyboardSim\arduino_due_x_dbg\Wire\Wire.cpp.o (Print::write(unsigned char const*, unsigned int))
C:\Users\Matt\AppData\Local\Temp\VMBuilds\KeyboardSim\arduino_due_x_dbg/core.a(Reset.cpp.o)
                              C:\Users\Matt\AppData\Local\Temp\VMBuilds\KeyboardSim\arduino_due_x_dbg/core.a(cortex_handlers.c.o) (tickReset)
C:\Users\Matt\AppData\Local\Temp\VMBuilds\KeyboardSim\arduino_due_x_dbg/core.a(RingBuffer.cpp.o)
                              C:\Users\Matt\AppData\Local\Temp\VMBuilds\KeyboardSim\arduino_due_x_dbg\variant\variant.cpp.o (RingBuffer::RingBuffer())
C:\Users\Matt\AppData\Local\Temp\VMBuilds\KeyboardSim\arduino_due_x_dbg/core.a(UARTClass.cpp.o)
                              C:\Users\Matt\AppData\Local\Temp\VMBuilds\KeyboardSim\arduino_due_x_dbg\variant\variant.cpp.o (UARTClass::available())
C:\Users\Matt\AppData\Local\Temp\VMBuilds\KeyboardSim\arduino_due_x_dbg/core.a(USARTClass.cpp.o)
[...]
Memory Configuration

Name             Origin             Length             Attributes
rom              0x00080000         0x00080000         xr
sram0            0x20000000         0x00010000         xrw
sram1            0x20080000         0x00008000         xrw
ram              0x20070000         0x00018000         xrw
*default*        0x00000000         0xffffffff

Linker script and memory map

LOAD c:/users/matt/appdata/local/arduino15/packages/arduino/tools/arm-none-eabi-gcc/4.8.3-2014q1/bin/../lib/gcc/arm-none-eabi/4.8.3/armv7-m/crti.o
LOAD c:/users/matt/appdata/local/arduino15/packages/arduino/tools/arm-none-eabi-gcc/4.8.3-2014q1/bin/../lib/gcc/arm-none-eabi/4.8.3/armv7-m/crtbegin.o
LOAD c:/users/matt/appdata/local/arduino15/packages/arduino/tools/arm-none-eabi-gcc/4.8.3-2014q1/bin/../lib/gcc/arm-none-eabi/4.8.3/../../../../arm-none-eabi/lib/armv7-m/crt0.o
START GROUP
LOAD C:\Users\Matt\AppData\Local\Temp\VMBuilds\KeyboardSim\arduino_due_x_dbg\KeyboardSim.cpp.o
LOAD C:\Users\Matt\AppData\Local\Temp\VMBuilds\KeyboardSim\arduino_due_x_dbg\Wire\Wire.cpp.o
LOAD C:\Users\Matt\AppData\Local\Temp\VMBuilds\KeyboardSim\arduino_due_x_dbg\Keyboard\Keyboard.cpp.o
LOAD C:\Users\Matt\AppData\Local\Temp\VMBuilds\KeyboardSim\arduino_due_x_dbg\HID\HID.cpp.o
LOAD C:\Users\Matt\AppData\Local\Temp\VMBuilds\KeyboardSim\arduino_due_x_dbg\VM_DBG\VM_DBG.cpp.o
LOAD C:\Users\Matt\AppData\Local\Temp\VMBuilds\KeyboardSim\arduino_due_x_dbg\VM_DBG\VM_mem_check_sam.cpp.o
LOAD C:\Users\Matt\AppData\Local\Temp\VMBuilds\KeyboardSim\arduino_due_x_dbg\variant\variant.cpp.o
LOAD C:\Users\Matt\AppData\Local\arduino15\packages\arduino\hardware\sam\1.6.9\variants\arduino_due_x/libsam_sam3x8e_gcc_rel.a
LOAD C:\Users\Matt\AppData\Local\Temp\VMBuilds\KeyboardSim\arduino_due_x_dbg/core.a
END GROUP
LOAD c:/users/matt/appdata/local/arduino15/packages/arduino/tools/arm-none-eabi-gcc/4.8.3-2014q1/bin/../lib/gcc/arm-none-eabi/4.8.3/../../../../arm-none-eabi/lib/armv7-m\libm.a
START GROUP
LOAD c:/users/matt/appdata/local/arduino15/packages/arduino/tools/arm-none-eabi-gcc/4.8.3-2014q1/bin/../lib/gcc/arm-none-eabi/4.8.3/armv7-m\libgcc.a
LOAD c:/users/matt/appdata/local/arduino15/packages/arduino/tools/arm-none-eabi-gcc/4.8.3-2014q1/bin/../lib/gcc/arm-none-eabi/4.8.3/../../../../arm-none-eabi/lib/armv7-m\libg.a
LOAD c:/users/matt/appdata/local/arduino15/packages/arduino/tools/arm-none-eabi-gcc/4.8.3-2014q1/bin/../lib/gcc/arm-none-eabi/4.8.3/../../../../arm-none-eabi/lib/armv7-m\libc.a
END GROUP
LOAD c:/users/matt/appdata/local/arduino15/packages/arduino/tools/arm-none-eabi-gcc/4.8.3-2014q1/bin/../lib/gcc/arm-none-eabi/4.8.3/armv7-m/crtend.o
LOAD c:/users/matt/appdata/local/arduino15/packages/arduino/tools/arm-none-eabi-gcc/4.8.3-2014q1/bin/../lib/gcc/arm-none-eabi/4.8.3/armv7-m/crtn.o

.text           0x00080000     0x6920
                0x00080000                . = ALIGN (0x4)
                0x00080000                _sfixed = .
 *(.vectors .vectors.*)
 .vectors       0x00080000       0xf4 C:\Users\Matt\AppData\Local\arduino15\packages\arduino\hardware\sam\1.6.9\variants\arduino_due_x/libsam_sam3x8e_gcc_rel.a(startup_sam3xa.o)
                0x00080000                exception_table
 *(.text .text.* .gnu.linkonce.t.*)
 .text          0x000800f4       0x54 c:/users/matt/appdata/local/arduino15/packages/arduino/tools/arm-none-eabi-gcc/4.8.3-2014q1/bin/../lib/gcc/arm-none-eabi/4.8.3/armv7-m/crtbegin.o
 .text.loop     0x00080148        0x2 C:\Users\Matt\AppData\Local\Temp\VMBuilds\KeyboardSim\arduino_due_x_dbg\KeyboardSim.cpp.o
                0x00080148                loop
 *fill*         0x0008014a        0x2 
 .text.setup    0x0008014c       0xa8 C:\Users\Matt\AppData\Local\Temp\VMBuilds\KeyboardSim\arduino_due_x_dbg\KeyboardSim.cpp.o
                0x0008014c                setup
 .text._Z12requestEventv
                0x000801f4       0x3c C:\Users\Matt\AppData\Local\Temp\VMBuilds\KeyboardSim\arduino_due_x_dbg\KeyboardSim.cpp.o
                0x000801f4                requestEvent()
 .text._Z6kEstopv
                0x00080230       0x24 C:\Users\Matt\AppData\Local\Temp\VMBuilds\KeyboardSim\arduino_due_x_dbg\KeyboardSim.cpp.o
                0x00080230                kEstop()
 .text._Z9kDispatchv
                0x00080254       0x24 C:\Users\Matt\AppData\Local\Temp\VMBuilds\KeyboardSim\arduino_due_x_dbg\KeyboardSim.cpp.o
                0x00080254                kDispatch()
 .text._Z10kOpenGatesv
                0x00080278       0x24 C:\Users\Matt\AppData\Local\Temp\VMBuilds\KeyboardSim\arduino_due_x_dbg\KeyboardSim.cpp.o
                0x00080278                kOpenGates()
 .text._Z11kCloseGatesv
                0x0008029c       0x24 C:\Users\Matt\AppData\Local\Temp\VMBuilds\KeyboardSim\arduino_due_x_dbg\KeyboardSim.cpp.o
                0x0008029c                kCloseGates()
 .text._Z15kOpenRestraintsv
                0x000802c0       0x24 C:\Users\Matt\AppData\Local\Temp\VMBuilds\KeyboardSim\arduino_due_x_dbg\KeyboardSim.cpp.o
                0x000802c0                kOpenRestraints()
 .text._Z16kCloseRestraintsv
                0x000802e4       0x24 C:\Users\Matt\AppData\Local\Temp\VMBuilds\KeyboardSim\arduino_due_x_dbg\KeyboardSim.cpp.o
                0x000802e4                kCloseRestraints()
 .text._Z11kRaiseFloorv
                0x00080308       0x24 C:\Users\Matt\AppData\Local\Temp\VMBuilds\KeyboardSim\arduino_due_x_dbg\KeyboardSim.cpp.o
                0x00080308                kRaiseFloor()
 .text._Z11kLowerFloorv
                0x0008032c       0x24 C:\Users\Matt\AppData\Local\Temp\VMBuilds\KeyboardSim\arduino_due_x_dbg\KeyboardSim.cpp.o
                0x0008032c                kLowerFloor()
 .text._Z10kLockFlyerv
                0x00080350       0x24 C:\Users\Matt\AppData\Local\Temp\VMBuilds\KeyboardSim\arduino_due_x_dbg\KeyboardSim.cpp.o
                0x00080350                kLockFlyer()
 .text._Z12kUnlockFlyerv
                0x00080374       0x24 C:\Users\Matt\AppData\Local\Temp\VMBuilds\KeyboardSim\arduino_due_x_dbg\KeyboardSim.cpp.o
                0x00080374                kUnlockFlyer()
 .text._Z12receiveEventi
                0x00080398       0xb8 C:\Users\Matt\AppData\Local\Temp\VMBuilds\KeyboardSim\arduino_due_x_dbg\KeyboardSim.cpp.o
                0x00080398                receiveEvent(int)
 .text._ZN7TwoWire5writeEPKhj
                0x00080450       0x50 C:\Users\Matt\AppData\Local\Temp\VMBuilds\KeyboardSim\arduino_due_x_dbg\Wire\Wire.cpp.o
                0x00080450                TwoWire::write(unsigned char const*, unsigned int)
 .text._ZN7TwoWire9availableEv
                0x000804a0        0xc C:\Users\Matt\AppData\Local\Temp\VMBuilds\KeyboardSim\arduino_due_x_dbg\Wire\Wire.cpp.o
                0x000804a0                TwoWire::available()
 .text._ZN7TwoWire4readEv
                0x000804ac       0x1e C:\Users\Matt\AppData\Local\Temp\VMBuilds\KeyboardSim\arduino_due_x_dbg\Wire\Wire.cpp.o
                0x000804ac                TwoWire::read()
 .text._ZN7TwoWire4peekEv
                0x000804ca       0x16 C:\Users\Matt\AppData\Local\Temp\VMBuilds\KeyboardSim\arduino_due_x_dbg\Wire\Wire.cpp.o
                0x000804ca                TwoWire::peek()
 .text._ZN7TwoWire5flushEv
                0x000804e0        0x2 C:\Users\Matt\AppData\Local\Temp\VMBuilds\KeyboardSim\arduino_due_x_dbg\Wire\Wire.cpp.o
                0x000804e0                TwoWire::flush()
 .text._ZN7TwoWire5writeEh
                0x000804e2       0x3a C:\Users\Matt\AppData\Local\Temp\VMBuilds\KeyboardSim\arduino_due_x_dbg\Wire\Wire.cpp.o
                0x000804e2                TwoWire::write(unsigned char)
 .text._ZL16TWI_WaitByteSentP3Twim.constprop.3
                0x0008051c       0x2c C:\Users\Matt\AppData\Local\Temp\VMBuilds\KeyboardSim\arduino_due_x_dbg\Wire\Wire.cpp.o
 .text._ZL24TWI_WaitTransferCompleteP3Twim.constprop.4
                0x00080548       0x2c C:\Users\Matt\AppData\Local\Temp\VMBuilds\KeyboardSim\arduino_due_x_dbg\Wire\Wire.cpp.o
 .text._ZL9Wire_Initv
                0x00080574       0x54 C:\Users\Matt\AppData\Local\Temp\VMBuilds\KeyboardSim\arduino_due_x_dbg\Wire\Wire.cpp.o
 .text._ZL12Wire1_Deinitv
                0x000805c8       0x18 C:\Users\Matt\AppData\Local\Temp\VMBuilds\KeyboardSim\arduino_due_x_dbg\Wire\Wire.cpp.o
 .text._ZL11Wire_Deinitv
                0x000805e0       0x18 C:\Users\Matt\AppData\Local\Temp\VMBuilds\KeyboardSim\arduino_due_x_dbg\Wire\Wire.cpp.o
 .text._ZL10Wire1_Initv
                0x000805f8       0x54 C:\Users\Matt\AppData\Local\Temp\VMBuilds\KeyboardSim\arduino_due_x_dbg\Wire\Wire.cpp.o
 .text._ZN7TwoWireC2EP3TwiPFvvES3_
                0x0008064c       0x48 C:\Users\Matt\AppData\Local\Temp\VMBuilds\KeyboardSim\arduino_due_x_dbg\Wire\Wire.cpp.o
                0x0008064c                TwoWire::TwoWire(Twi*, void (*)(), void (*)())
                0x0008064c                TwoWire::TwoWire(Twi*, void (*)(), void (*)())
 .text._ZN7TwoWire5beginEh
                0x00080694       0x34 C:\Users\Matt\AppData\Local\Temp\VMBuilds\KeyboardSim\arduino_due_x_dbg\Wire\Wire.cpp.o
                0x00080694                TwoWire::begin(unsigned char)
 .text._ZN7TwoWire5beginEi
                0x000806c8        0x6 C:\Users\Matt\AppData\Local\Temp\VMBuilds\KeyboardSim\arduino_due_x_dbg\Wire\Wire.cpp.o
                0x000806c8                TwoWire::begin(int)
 .text._ZN7TwoWire17beginTransmissionEi
                0x000806ce       0x12 C:\Users\Matt\AppData\Local\Temp\VMBuilds\KeyboardSim\arduino_due_x_dbg\Wire\Wire.cpp.o
                0x000806ce                TwoWire::beginTransmission(int)
 .text._ZN7TwoWire15endTransmissionEh
                0x000806e0       0x82 C:\Users\Matt\AppData\Local\Temp\VMBuilds\KeyboardSim\arduino_due_x_dbg\Wire\Wire.cpp.o
                0x000806e0                TwoWire::endTransmission(unsigned char)
 .text._ZN7TwoWire15endTransmissionEv
                0x00080762        0x6 C:\Users\Matt\AppData\Local\Temp\VMBuilds\KeyboardSim\arduino_due_x_dbg\Wire\Wire.cpp.o
                0x00080762                TwoWire::endTransmission()
 .text._ZN7TwoWire9onReceiveEPFviE
                0x00080768        0x4 C:\Users\Matt\AppData\Local\Temp\VMBuilds\KeyboardSim\arduino_due_x_dbg\Wire\Wire.cpp.o
                0x00080768                TwoWire::onReceive(void (*)(int))
 .text._ZN7TwoWire9onRequestEPFvvE
                0x0008076c        0x4 C:\Users\Matt\AppData\Local\Temp\VMBuilds\KeyboardSim\arduino_due_x_dbg\Wire\Wire.cpp.o
                0x0008076c                TwoWire::onRequest(void (*)())
 .text._ZN7TwoWire9onServiceEv
                0x00080770      0x118 C:\Users\Matt\AppData\Local\Temp\VMBuilds\KeyboardSim\arduino_due_x_dbg\Wire\Wire.cpp.o
                0x00080770                TwoWire::onService()
 .text.TWI1_Handler
                0x00080888        0xc C:\Users\Matt\AppData\Local\Temp\VMBuilds\KeyboardSim\arduino_due_x_dbg\Wire\Wire.cpp.o
                0x00080888                TWI1_Handler
 .text.TWI0_Handler
                0x00080894        0xc C:\Users\Matt\AppData\Local\Temp\VMBuilds\KeyboardSim\arduino_due_x_dbg\Wire\Wire.cpp.o
                0x00080894                TWI0_Handler
 .text.startup._GLOBAL__sub_I__ZN7TwoWireC2EP3TwiPFvvES3_
                0x000808a0       0x40 C:\Users\Matt\AppData\Local\Temp\VMBuilds\KeyboardSim\arduino_due_x_dbg\Wire\Wire.cpp.o
 .text._ZN9Keyboard_C2Ev
                0x000808e0       0x44 C:\Users\Matt\AppData\Local\Temp\VMBuilds\KeyboardSim\arduino_due_x_dbg\Keyboard\Keyboard.cpp.o
                0x000808e0                Keyboard_::Keyboard_()
                0x000808e0                Keyboard_::Keyboard_()
 .text._ZN9Keyboard_5beginEv
                0x00080924        0x2 C:\Users\Matt\AppData\Local\Temp\VMBuilds\KeyboardSim\arduino_due_x_dbg\Keyboard\Keyboard.cpp.o
                0x00080924                Keyboard_::begin()
 .text._ZN9Keyboard_10sendReportEP9KeyReport
                0x00080926       0x16 C:\Users\Matt\AppData\Local\Temp\VMBuilds\KeyboardSim\arduino_due_x_dbg\Keyboard\Keyboard.cpp.o
                0x00080926                Keyboard_::sendReport(KeyReport*)
 .text._ZN9Keyboard_5pressEh
                0x0008093c       0x88 C:\Users\Matt\AppData\Local\Temp\VMBuilds\KeyboardSim\arduino_due_x_dbg\Keyboard\Keyboard.cpp.o
                0x0008093c                Keyboard_::press(unsigned char)
 .text._ZN9Keyboard_7releaseEh
                0x000809c4       0x64 C:\Users\Matt\AppData\Local\Temp\VMBuilds\KeyboardSim\arduino_due_x_dbg\Keyboard\Keyboard.cpp.o
                0x000809c4                Keyboard_::release(unsigned char)
 .text._ZN9Keyboard_5writeEh
                0x00080a28       0x18 C:\Users\Matt\AppData\Local\Temp\VMBuilds\KeyboardSim\arduino_due_x_dbg\Keyboard\Keyboard.cpp.o
                0x00080a28                Keyboard_::write(unsigned char)
 .text.startup._GLOBAL__sub_I__ZN9Keyboard_C2Ev
                0x00080a40        0xc C:\Users\Matt\AppData\Local\Temp\VMBuilds\KeyboardSim\arduino_due_x_dbg\Keyboard\Keyboard.cpp.o
 .text._ZN4HID_12getShortNameEPc
                0x00080a4c       0x24 C:\Users\Matt\AppData\Local\Temp\VMBuilds\KeyboardSim\arduino_due_x_dbg\HID\HID.cpp.o
                0x00080a4c                HID_::getShortName(char*)
 .text._ZN4HID_12getInterfaceEPh
                0x00080a70       0x90 C:\Users\Matt\AppData\Local\Temp\VMBuilds\KeyboardSim\arduino_due_x_dbg\HID\HID.cpp.o
                0x00080a70                HID_::getInterface(unsigned char*)
 .text._ZN4HID_5setupER8USBSetup
                0x00080b00       0x3e C:\Users\Matt\AppData\Local\Temp\VMBuilds\KeyboardSim\arduino_due_x_dbg\HID\HID.cpp.o
                0x00080b00                HID_::setup(USBSetup&)
 .text._ZN4HID_13getDescriptorER8USBSetup
                0x00080b3e       0x38 C:\Users\Matt\AppData\Local\Temp\VMBuilds\KeyboardSim\arduino_due_x_dbg\HID\HID.cpp.o
                0x00080b3e                HID_::getDescriptor(USBSetup&)
 .text._ZN4HID_16AppendDescriptorEP16HIDSubDescriptor
                0x00080b76       0x1c C:\Users\Matt\AppData\Local\Temp\VMBuilds\KeyboardSim\arduino_due_x_dbg\HID\HID.cpp.o
                0x00080b76                HID_::AppendDescriptor(HIDSubDescriptor*)
 .text._ZN4HID_10SendReportEhPKvi
                0x00080b92       0x28 C:\Users\Matt\AppData\Local\Temp\VMBuilds\KeyboardSim\arduino_due_x_dbg\HID\HID.cpp.o
                0x00080b92                HID_::SendReport(unsigned char, void const*, int)
 *fill*         0x00080bba        0x2 
 .text._ZN4HID_C2Ev
                0x00080bbc       0x38 C:\Users\Matt\AppData\Local\Temp\VMBuilds\KeyboardSim\arduino_due_x_dbg\HID\HID.cpp.o
                0x00080bbc                HID_::HID_()
                0x00080bbc                HID_::HID_()
 .text._Z3HIDv  0x00080bf4       0x20 C:\Users\Matt\AppData\Local\Temp\VMBuilds\KeyboardSim\arduino_due_x_dbg\HID\HID.cpp.o
                0x00080bf4                HID()
 .text._ZN16VisualMicroDebug14outPacketStartEb
                0x00080c14       0x24 C:\Users\Matt\AppData\Local\Temp\VMBuilds\KeyboardSim\arduino_due_x_dbg\VM_DBG\VM_DBG.cpp.o
                0x00080c14                VisualMicroDebug::outPacketStart(bool)
 .text._ZN16VisualMicroDebug12outPacketEndEv
                0x00080c38        0x2 C:\Users\Matt\AppData\Local\Temp\VMBuilds\KeyboardSim\arduino_due_x_dbg\VM_DBG\VM_DBG.cpp.o
                0x00080c38                VisualMicroDebug::outPacketEnd()
 .text._ZN16VisualMicroDebug4initEm
                0x00080c3a       0x10 C:\Users\Matt\AppData\Local\Temp\VMBuilds\KeyboardSim\arduino_due_x_dbg\VM_DBG\VM_DBG.cpp.o
                0x00080c3a                VisualMicroDebug::init(unsigned long)
 .text._ZN16VisualMicroDebug5beginEP9UARTClassm
                0x00080c4a       0x10 C:\Users\Matt\AppData\Local\Temp\VMBuilds\KeyboardSim\arduino_due_x_dbg\VM_DBG\VM_DBG.cpp.o
                0x00080c4a                VisualMicroDebug::begin(UARTClass*, unsigned long)
 .text._ZN16VisualMicroDebug4readEv
                0x00080c5a        0xe C:\Users\Matt\AppData\Local\Temp\VMBuilds\KeyboardSim\arduino_due_x_dbg\VM_DBG\VM_DBG.cpp.o
                0x00080c5a                VisualMicroDebug::read()
 .text._ZN16VisualMicroDebug9availableEv
                0x00080c68        0xe C:\Users\Matt\AppData\Local\Temp\VMBuilds\KeyboardSim\arduino_due_x_dbg\VM_DBG\VM_DBG.cpp.o
                0x00080c68                VisualMicroDebug::available()
 *fill*         0x00080c76        0x2 
 .text._ZN16VisualMicroDebug16sendContinuedACKEh
                0x00080c78       0x38 C:\Users\Matt\AppData\Local\Temp\VMBuilds\KeyboardSim\arduino_due_x_dbg\VM_DBG\VM_DBG.cpp.o
                0x00080c78                VisualMicroDebug::sendContinuedACK(unsigned char)
 .text._ZN16VisualMicroDebug9breakWaitEh
                0x00080cb0       0x54 C:\Users\Matt\AppData\Local\Temp\VMBuilds\KeyboardSim\arduino_due_x_dbg\VM_DBG\VM_DBG.cpp.o
                0x00080cb0                VisualMicroDebug::breakWait(unsigned char)
 .text._ZN16VisualMicroDebug5startEbb
                0x00080d04       0x1e C:\Users\Matt\AppData\Local\Temp\VMBuilds\KeyboardSim\arduino_due_x_dbg\VM_DBG\VM_DBG.cpp.o
                0x00080d04                VisualMicroDebug::start(bool, bool)
 *fill*         0x00080d22        0x2 
 .text.startup._GLOBAL__sub_I__ZN16VisualMicroDebug10DBG_MillisEv
                0x00080d24       0x14 C:\Users\Matt\AppData\Local\Temp\VMBuilds\KeyboardSim\arduino_due_x_dbg\VM_DBG\VM_DBG.cpp.o
 .text._Z11serialEventv
                0x00080d38        0x2 C:\Users\Matt\AppData\Local\Temp\VMBuilds\KeyboardSim\arduino_due_x_dbg\variant\variant.cpp.o
                0x00080d38                serialEvent()
 *fill*         0x00080d3a        0x2 
 .text.UART_Handler
                0x00080d3c        0xc C:\Users\Matt\AppData\Local\Temp\VMBuilds\KeyboardSim\arduino_due_x_dbg\variant\variant.cpp.o
                0x00080d3c                UART_Handler
 .text._Z12serialEvent1v
                0x00080d48        0x2 C:\Users\Matt\AppData\Local\Temp\VMBuilds\KeyboardSim\arduino_due_x_dbg\variant\variant.cpp.o
                0x00080d48                serialEvent1()
 .text._Z12serialEvent2v
                0x00080d4a        0x2 C:\Users\Matt\AppData\Local\Temp\VMBuilds\KeyboardSim\arduino_due_x_dbg\variant\variant.cpp.o
                0x00080d4a                serialEvent2()
 .text._Z12serialEvent3v
                0x00080d4c        0x2 C:\Users\Matt\AppData\Local\Temp\VMBuilds\KeyboardSim\arduino_due_x_dbg\variant\variant.cpp.o
                0x00080d4c                serialEvent3()
 *fill*         0x00080d4e        0x2 
 .text.USART0_Handler
                0x00080d50        0xc C:\Users\Matt\AppData\Local\Temp\VMBuilds\KeyboardSim\arduino_due_x_dbg\variant\variant.cpp.o
                0x00080d50                USART0_Handler
 .text.USART1_Handler
                0x00080d5c        0xc C:\Users\Matt\AppData\Local\Temp\VMBuilds\KeyboardSim\arduino_due_x_dbg\variant\variant.cpp.o
                0x00080d5c                USART1_Handler
 .text.USART3_Handler
                0x00080d68        0xc C:\Users\Matt\AppData\Local\Temp\VMBuilds\KeyboardSim\arduino_due_x_dbg\variant\variant.cpp.o
                0x00080d68                USART3_Handler
 .text.init     0x00080d74      0x128 C:\Users\Matt\AppData\Local\Temp\VMBuilds\KeyboardSim\arduino_due_x_dbg\variant\variant.cpp.o
                0x00080d74                init
 .text.startup._GLOBAL__sub_I_g_APinDescription
                0x00080e9c       0xd4 C:\Users\Matt\AppData\Local\Temp\VMBuilds\KeyboardSim\arduino_due_x_dbg\variant\variant.cpp.o
 .text._Z14serialEventRunv
                0x00080f70       0x44 C:\Users\Matt\AppData\Local\Temp\VMBuilds\KeyboardSim\arduino_due_x_dbg\variant\variant.cpp.o
                0x00080f70                serialEventRun()
 .text.PIO_PullUp
                0x00080fb4        0xa C:\Users\Matt\AppData\Local\arduino15\packages\arduino\hardware\sam\1.6.9\variants\arduino_due_x/libsam_sam3x8e_gcc_rel.a(pio.o)
                0x00080fb4                PIO_PullUp
 .text.PIO_SetPeripheral
                0x00080fbe       0x26 C:\Users\Matt\AppData\Local\arduino15\packages\arduino\hardware\sam\1.6.9\variants\arduino_due_x/libsam_sam3x8e_gcc_rel.a(pio.o)
                0x00080fbe                PIO_SetPeripheral
 .text.PIO_SetInput
                0x00080fe4       0x26 C:\Users\Matt\AppData\Local\arduino15\packages\arduino\hardware\sam\1.6.9\variants\arduino_due_x/libsam_sam3x8e_gcc_rel.a(pio.o)
                0x00080fe4                PIO_SetInput
 .text.PIO_SetOutput
                0x0008100a       0x24 C:\Users\Matt\AppData\Local\arduino15\packages\arduino\hardware\sam\1.6.9\variants\arduino_due_x/libsam_sam3x8e_gcc_rel.a(pio.o)
                0x0008100a                PIO_SetOutput
 *fill*         0x0008102e        0x2 
 .text.PIO_Configure
                0x00081030       0x64 C:\Users\Matt\AppData\Local\arduino15\packages\arduino\hardware\sam\1.6.9\variants\arduino_due_x/libsam_sam3x8e_gcc_rel.a(pio.o)
                0x00081030                PIO_Configure
 .text.PIO_GetOutputDataStatus
                0x00081094       0x14 C:\Users\Matt\AppData\Local\arduino15\packages\arduino\hardware\sam\1.6.9\variants\arduino_due_x/libsam_sam3x8e_gcc_rel.a(pio.o)
                0x00081094                PIO_GetOutputDataStatus
 .text.pmc_enable_upll_clock
                0x000810a8       0x14 C:\Users\Matt\AppData\Local\arduino15\packages\arduino\hardware\sam\1.6.9\variants\arduino_due_x/libsam_sam3x8e_gcc_rel.a(pmc.o)
                0x000810a8                pmc_enable_upll_clock
 .text.pmc_enable_periph_clk
                0x000810bc       0x44 C:\Users\Matt\AppData\Local\arduino15\packages\arduino\hardware\sam\1.6.9\variants\arduino_due_x/libsam_sam3x8e_gcc_rel.a(pmc.o)
                0x000810bc                pmc_enable_periph_clk
 .text.pmc_disable_periph_clk
                0x00081100       0x40 C:\Users\Matt\AppData\Local\arduino15\packages\arduino\hardware\sam\1.6.9\variants\arduino_due_x/libsam_sam3x8e_gcc_rel.a(pmc.o)
                0x00081100                pmc_disable_periph_clk
 .text.pmc_switch_udpck_to_upllck
                0x00081140       0x14 C:\Users\Matt\AppData\Local\arduino15\packages\arduino\hardware\sam\1.6.9\variants\arduino_due_x/libsam_sam3x8e_gcc_rel.a(pmc.o)
                0x00081140                pmc_switch_udpck_to_upllck
 .text.pmc_enable_udpck
                0x00081154        0xc C:\Users\Matt\AppData\Local\arduino15\packages\arduino\hardware\sam\1.6.9\variants\arduino_due_x/libsam_sam3x8e_gcc_rel.a(pmc.o)
                0x00081154                pmc_enable_udpck
 .text.TWI_Disable
                0x00081160       0x2c C:\Users\Matt\AppData\Local\arduino15\packages\arduino\hardware\sam\1.6.9\variants\arduino_due_x/libsam_sam3x8e_gcc_rel.a(twi.o)
                0x00081160                TWI_Disable
 .text.TWI_ConfigureSlave
                0x0008118c       0x44 C:\Users\Matt\AppData\Local\arduino15\packages\arduino\hardware\sam\1.6.9\variants\arduino_due_x/libsam_sam3x8e_gcc_rel.a(twi.o)
                0x0008118c                TWI_ConfigureSlave
 .text.TWI_Stop
                0x000811d0       0x28 C:\Users\Matt\AppData\Local\arduino15\packages\arduino\hardware\sam\1.6.9\variants\arduino_due_x/libsam_sam3x8e_gcc_rel.a(twi.o)
                0x000811d0                TWI_Stop
 .text.TWI_ReadByte
                0x000811f8       0x28 C:\Users\Matt\AppData\Local\arduino15\packages\arduino\hardware\sam\1.6.9\variants\arduino_due_x/libsam_sam3x8e_gcc_rel.a(twi.o)
                0x000811f8                TWI_ReadByte
 .text.TWI_WriteByte
                0x00081220       0x24 C:\Users\Matt\AppData\Local\arduino15\packages\arduino\hardware\sam\1.6.9\variants\arduino_due_x/libsam_sam3x8e_gcc_rel.a(twi.o)
                0x00081220                TWI_WriteByte
 .text.TWI_StartWrite
                0x00081244       0x7c C:\Users\Matt\AppData\Local\arduino15\packages\arduino\hardware\sam\1.6.9\variants\arduino_due_x/libsam_sam3x8e_gcc_rel.a(twi.o)
                0x00081244                TWI_StartWrite
 .text.TWI_EnableIt
                0x000812c0       0x40 C:\Users\Matt\AppData\Local\arduino15\packages\arduino\hardware\sam\1.6.9\variants\arduino_due_x/libsam_sam3x8e_gcc_rel.a(twi.o)
                0x000812c0                TWI_EnableIt
 .text.TWI_DisableIt
                0x00081300       0x40 C:\Users\Matt\AppData\Local\arduino15\packages\arduino\hardware\sam\1.6.9\variants\arduino_due_x/libsam_sam3x8e_gcc_rel.a(twi.o)
                0x00081300                TWI_DisableIt
 .text.TWI_GetStatus
                0x00081340       0x28 C:\Users\Matt\AppData\Local\arduino15\packages\arduino\hardware\sam\1.6.9\variants\arduino_due_x/libsam_sam3x8e_gcc_rel.a(twi.o)
                0x00081340                TWI_GetStatus
 .text.SystemInit
                0x00081368       0x88 C:\Users\Matt\AppData\Local\arduino15\packages\arduino\hardware\sam\1.6.9\variants\arduino_due_x/libsam_sam3x8e_gcc_rel.a(system_sam3xa.o)
                0x00081368                SystemInit
 .text.Reset_Handler
                0x000813f0       0x78 C:\Users\Matt\AppData\Local\arduino15\packages\arduino\hardware\sam\1.6.9\variants\arduino_due_x/libsam_sam3x8e_gcc_rel.a(startup_sam3xa.o)
                0x000813f0                Reset_Handler
 .text.adc_init
                0x00081468       0x98 C:\Users\Matt\AppData\Local\arduino15\packages\arduino\hardware\sam\1.6.9\variants\arduino_due_x/libsam_sam3x8e_gcc_rel.a(adc.o)
                0x00081468                adc_init
 .text.adc_configure_trigger
                0x00081500        0xe C:\Users\Matt\AppData\Local\arduino15\packages\arduino\hardware\sam\1.6.9\variants\arduino_due_x/libsam_sam3x8e_gcc_rel.a(adc.o)
                0x00081500                adc_configure_trigger
 .text.adc_configure_timing
                0x0008150e       0x1a C:\Users\Matt\AppData\Local\arduino15\packages\arduino\hardware\sam\1.6.9\variants\arduino_due_x/libsam_sam3x8e_gcc_rel.a(adc.o)
                0x0008150e                adc_configure_timing
 .text.adc_disable_channel
                0x00081528        0xa C:\Users\Matt\AppData\Local\arduino15\packages\arduino\hardware\sam\1.6.9\variants\arduino_due_x/libsam_sam3x8e_gcc_rel.a(adc.o)
                0x00081528                adc_disable_channel
 .text.adc_disable_all_channel
                0x00081532        0x8 C:\Users\Matt\AppData\Local\arduino15\packages\arduino\hardware\sam\1.6.9\variants\arduino_due_x/libsam_sam3x8e_gcc_rel.a(adc.o)
                0x00081532                adc_disable_all_channel
 .text.adc_disable_interrupt
                0x0008153a        0x4 C:\Users\Matt\AppData\Local\arduino15\packages\arduino\hardware\sam\1.6.9\variants\arduino_due_x/libsam_sam3x8e_gcc_rel.a(adc.o)
                0x0008153a                adc_disable_interrupt
 *fill*         0x0008153e        0x2 
 .text.UOTGHS_Handler
                0x00081540       0x10 C:\Users\Matt\AppData\Local\arduino15\packages\arduino\hardware\sam\1.6.9\variants\arduino_due_x/libsam_sam3x8e_gcc_rel.a(uotghs.o)
                0x00081540                UOTGHS_Handler
 .text.__halt   0x00081550        0x2 C:\Users\Matt\AppData\Local\Temp\VMBuilds\KeyboardSim\arduino_due_x_dbg/core.a(cortex_handlers.c.o)
                0x00081550                DACC_Handler
                0x00081550                DebugMon_Handler
                0x00081550                DMAC_Handler
                0x00081550                TRNG_Handler
                0x00081550                HardFault_Handler
                0x00081550                TC2_Handler
                0x00081550                NMI_Handler
                0x00081550                TC7_Handler
                0x00081550                ADC_Handler
                0x00081550                SMC_Handler
                0x00081550                RTT_Handler
                0x00081550                EFC1_Handler
                0x00081550                PIOB_Handler
                0x00081550                RTC_Handler
                0x00081550                UsageFault_Handler
                0x00081550                TC6_Handler
                0x00081550                WDT_Handler
                0x00081550                CAN0_Handler
                0x00081550                TC4_Handler
                0x00081550                TC1_Handler
                0x00081550                HSMCI_Handler
                0x00081550                TC3_Handler
                0x00081550                PIOA_Handler
                0x00081550                SSC_Handler
                0x00081550                EFC0_Handler
                0x00081550                PMC_Handler
                0x00081550                PWM_Handler
                0x00081550                CAN1_Handler
                0x00081550                MemManage_Handler
                0x00081550                SUPC_Handler
                0x00081550                TC8_Handler
                0x00081550                USART2_Handler
                0x00081550                PIOD_Handler
                0x00081550                EMAC_Handler
                0x00081550                PIOC_Handler
                0x00081550                BusFault_Handler
                0x00081550                RSTC_Handler
                0x00081550                TC0_Handler
                0x00081550                TC5_Handler
                0x00081550                SPI0_Handler
 .text.SVC_Handler
                0x00081552        0x4 C:\Users\Matt\AppData\Local\Temp\VMBuilds\KeyboardSim\arduino_due_x_dbg/core.a(cortex_handlers.c.o)
                0x00081552                SVC_Handler
 .text.PendSV_Handler
                0x00081556        0x4 C:\Users\Matt\AppData\Local\Temp\VMBuilds\KeyboardSim\arduino_due_x_dbg/core.a(cortex_handlers.c.o)
                0x00081556                PendSV_Handler
 .text.SysTick_Handler
                0x0008155a       0x16 C:\Users\Matt\AppData\Local\Temp\VMBuilds\KeyboardSim\arduino_due_x_dbg/core.a(cortex_handlers.c.o)
                0x0008155a                SysTick_Handler
 .text.__empty  0x00081570        0x2 C:\Users\Matt\AppData\Local\Temp\VMBuilds\KeyboardSim\arduino_due_x_dbg/core.a(hooks.c.o)
                0x00081570                yield
 .text.__false  0x00081572        0x4 C:\Users\Matt\AppData\Local\Temp\VMBuilds\KeyboardSim\arduino_due_x_dbg/core.a(hooks.c.o)
                0x00081572                sysTickHook
 .text.__halt   0x00081576        0x2 C:\Users\Matt\AppData\Local\Temp\VMBuilds\KeyboardSim\arduino_due_x_dbg/core.a(hooks.c.o)
                0x00081576                svcHook
                0x00081576                pendSVHook
 .text._sbrk    0x00081578       0x1c C:\Users\Matt\AppData\Local\Temp\VMBuilds\KeyboardSim\arduino_due_x_dbg/core.a(syscalls_sam3.c.o)
                0x00081578                _sbrk
 .text.link     0x00081594        0x6 C:\Users\Matt\AppData\Local\Temp\VMBuilds\KeyboardSim\arduino_due_x_dbg/core.a(syscalls_sam3.c.o)
                0x00081594                link
 .text._close   0x0008159a        0x6 C:\Users\Matt\AppData\Local\Temp\VMBuilds\KeyboardSim\arduino_due_x_dbg/core.a(syscalls_sam3.c.o)
                0x0008159a                _close
 .text._fstat   0x000815a0        0xa C:\Users\Matt\AppData\Local\Temp\VMBuilds\KeyboardSim\arduino_due_x_dbg/core.a(syscalls_sam3.c.o)
                0x000815a0                _fstat
 .text._isatty  0x000815aa        0x4 C:\Users\Matt\AppData\Local\Temp\VMBuilds\KeyboardSim\arduino_due_x_dbg/core.a(syscalls_sam3.c.o)
                0x000815aa                _isatty
 .text._lseek   0x000815ae        0x4 C:\Users\Matt\AppData\Local\Temp\VMBuilds\KeyboardSim\arduino_due_x_dbg/core.a(syscalls_sam3.c.o)
                0x000815ae                _lseek
 .text._read    0x000815b2        0x4 C:\Users\Matt\AppData\Local\Temp\VMBuilds\KeyboardSim\arduino_due_x_dbg/core.a(syscalls_sam3.c.o)
                0x000815b2                _read
 *fill*         0x000815b6        0x2 
 .text._write   0x000815b8       0x24 C:\Users\Matt\AppData\Local\Temp\VMBuilds\KeyboardSim\arduino_due_x_dbg/core.a(syscalls_sam3.c.o)
                0x000815b8                _write
 .text._exit    0x000815dc       0x10 C:\Users\Matt\AppData\Local\Temp\VMBuilds\KeyboardSim\arduino_due_x_dbg/core.a(syscalls_sam3.c.o)
                0x000815dc                _exit
 .text._kill    0x000815ec        0x2 C:\Users\Matt\AppData\Local\Temp\VMBuilds\KeyboardSim\arduino_due_x_dbg/core.a(syscalls_sam3.c.o)
                0x000815ec                _kill
 .text._getpid  0x000815ee        0x6 C:\Users\Matt\AppData\Local\Temp\VMBuilds\KeyboardSim\arduino_due_x_dbg/core.a(syscalls_sam3.c.o)
                0x000815ee                _getpid
 .text.millis   0x000815f4        0x4 C:\Users\Matt\AppData\Local\Temp\VMBuilds\KeyboardSim\arduino_due_x_dbg/core.a(wiring.c.o)
                0x000815f4                millis
 .text.delay    0x000815f8       0x1c C:\Users\Matt\AppData\Local\Temp\VMBuilds\KeyboardSim\arduino_due_x_dbg/core.a(wiring.c.o)
                0x000815f8                delay
 .text.analogOutputInit
                0x00081614        0x2 C:\Users\Matt\AppData\Local\Temp\VMBuilds\KeyboardSim\arduino_due_x_dbg/core.a(wiring_analog.c.o)
                0x00081614                analogOutputInit
 *fill*         0x00081616        0x2 
 .text.pinMode  0x00081618      0x108 C:\Users\Matt\AppData\Local\Temp\VMBuilds\KeyboardSim\arduino_due_x_dbg/core.a(wiring_digital.c.o)
                0x00081618                pinMode
 .text.digitalWrite
                0x00081720       0x70 C:\Users\Matt\AppData\Local\Temp\VMBuilds\KeyboardSim\arduino_due_x_dbg/core.a(wiring_digital.c.o)
                0x00081720                digitalWrite
 .text.initVariant
                0x00081790        0x2 C:\Users\Matt\AppData\Local\Temp\VMBuilds\KeyboardSim\arduino_due_x_dbg/core.a(main.cpp.o)
                0x00081790                initVariant
 *fill*         0x00081792        0x2 
 .text.startup.main
                0x00081794       0x38 C:\Users\Matt\AppData\Local\Temp\VMBuilds\KeyboardSim\arduino_due_x_dbg/core.a(main.cpp.o)
                0x00081794                main
 .text._ZN5Print5writeEPKhj
                0x000817cc       0x22 C:\Users\Matt\AppData\Local\Temp\VMBuilds\KeyboardSim\arduino_due_x_dbg/core.a(Print.cpp.o)
                0x000817cc                Print::write(unsigned char const*, unsigned int)
 .text._ZN5Print5printEmi.part.3
                0x000817ee        0xc C:\Users\Matt\AppData\Local\Temp\VMBuilds\KeyboardSim\arduino_due_x_dbg/core.a(Print.cpp.o)
 .text._ZN5Print5writeEPKc
                0x000817fa       0x1e C:\Users\Matt\AppData\Local\Temp\VMBuilds\KeyboardSim\arduino_due_x_dbg/core.a(Print.cpp.o)
                0x000817fa                Print::write(char const*)
 .text._ZN5Print5printEPKc
                0x00081818        0x8 C:\Users\Matt\AppData\Local\Temp\VMBuilds\KeyboardSim\arduino_due_x_dbg/core.a(Print.cpp.o)
                0x00081818                Print::print(char const*)
 .text._ZN5Print5printEc
                0x00081820        0xa C:\Users\Matt\AppData\Local\Temp\VMBuilds\KeyboardSim\arduino_due_x_dbg/core.a(Print.cpp.o)
                0x00081820                Print::print(char)
 *fill*         0x0008182a        0x2 
 .text._ZN5Print7printlnEv
                0x0008182c       0x10 C:\Users\Matt\AppData\Local\Temp\VMBuilds\KeyboardSim\arduino_due_x_dbg/core.a(Print.cpp.o)
                0x0008182c                Print::println()
 .text._ZN5Print7printlnEPKc
                0x0008183c       0x14 C:\Users\Matt\AppData\Local\Temp\VMBuilds\KeyboardSim\arduino_due_x_dbg/core.a(Print.cpp.o)
                0x0008183c                Print::println(char const*)
 .text._ZN5Print11printNumberEmh
                0x00081850       0x3e C:\Users\Matt\AppData\Local\Temp\VMBuilds\KeyboardSim\arduino_due_x_dbg/core.a(Print.cpp.o)
                0x00081850                Print::printNumber(unsigned long, unsigned char)
 .text._ZN5Print5printEli
                0x0008188e       0x3c C:\Users\Matt\AppData\Local\Temp\VMBuilds\KeyboardSim\arduino_due_x_dbg/core.a(Print.cpp.o)
                0x0008188e                Print::print(long, int)
 .text._ZN5Print5printEii
                0x000818ca        0x4 C:\Users\Matt\AppData\Local\Temp\VMBuilds\KeyboardSim\arduino_due_x_dbg/core.a(Print.cpp.o)
                0x000818ca                Print::print(int, int)
 .text._ZN5Print5printEmi
                0x000818ce        0xc C:\Users\Matt\AppData\Local\Temp\VMBuilds\KeyboardSim\arduino_due_x_dbg/core.a(Print.cpp.o)
                0x000818ce                Print::print(unsigned long, int)
 .text._ZN5Print5printEhi
                0x000818da        0x4 C:\Users\Matt\AppData\Local\Temp\VMBuilds\KeyboardSim\arduino_due_x_dbg/core.a(Print.cpp.o)
                0x000818da                Print::print(unsigned char, int)
 *fill*         0x000818de        0x2 
 .text.initiateReset
                0x000818e0        0xc C:\Users\Matt\AppData\Local\Temp\VMBuilds\KeyboardSim\arduino_due_x_dbg/core.a(Reset.cpp.o)
                0x000818e0                initiateReset
 .text.cancelReset
                0x000818ec       0x10 C:\Users\Matt\AppData\Local\Temp\VMBuilds\KeyboardSim\arduino_due_x_dbg/core.a(Reset.cpp.o)
                0x000818ec                cancelReset
 .text.tickReset
                0x000818fc       0x20 C:\Users\Matt\AppData\Local\Temp\VMBuilds\KeyboardSim\arduino_due_x_dbg/core.a(Reset.cpp.o)
                0x000818fc                tickReset
 .text._ZN10RingBufferC2Ev
                0x0008191c       0x1a C:\Users\Matt\AppData\Local\Temp\VMBuilds\KeyboardSim\arduino_due_x_dbg/core.a(RingBuffer.cpp.o)
                0x0008191c                RingBuffer::RingBuffer()
                0x0008191c                RingBuffer::RingBuffer()
 .text._ZN10RingBuffer10store_charEh
                0x00081936       0x1e C:\Users\Matt\AppData\Local\Temp\VMBuilds\KeyboardSim\arduino_due_x_dbg/core.a(RingBuffer.cpp.o)
                0x00081936                RingBuffer::store_char(unsigned char)
 .text._ZN9UARTClasscvbEv
                0x00081954        0x4 C:\Users\Matt\AppData\Local\Temp\VMBuilds\KeyboardSim\arduino_due_x_dbg/core.a(UARTClass.cpp.o)
                0x00081954                UARTClass::operator bool()
 .text._ZN9UARTClass9availableEv
                0x00081958       0x12 C:\Users\Matt\AppData\Local\Temp\VMBuilds\KeyboardSim\arduino_due_x_dbg/core.a(UARTClass.cpp.o)
                0x00081958                UARTClass::available()
 .text._ZN9UARTClass4peekEv
                0x0008196a       0x1c C:\Users\Matt\AppData\Local\Temp\VMBuilds\KeyboardSim\arduino_due_x_dbg/core.a(UARTClass.cpp.o)
                0x0008196a                UARTClass::peek()
 .text._ZN9UARTClass4readEv
                0x00081986       0x2a C:\Users\Matt\AppData\Local\Temp\VMBuilds\KeyboardSim\arduino_due_x_dbg/core.a(UARTClass.cpp.o)
                0x00081986                UARTClass::read()
 .text._ZN9UARTClass5flushEv
                0x000819b0       0x18 C:\Users\Matt\AppData\Local\Temp\VMBuilds\KeyboardSim\arduino_due_x_dbg/core.a(UARTClass.cpp.o)
                0x000819b0                UARTClass::flush()
 .text._ZN9UARTClass5writeEh
                0x000819c8       0x54 C:\Users\Matt\AppData\Local\Temp\VMBuilds\KeyboardSim\arduino_due_x_dbg/core.a(UARTClass.cpp.o)
                0x000819c8                UARTClass::write(unsigned char)
 .text._ZN9UARTClass3endEv
                0x00081a1c       0x3c C:\Users\Matt\AppData\Local\Temp\VMBuilds\KeyboardSim\arduino_due_x_dbg/core.a(UARTClass.cpp.o)
                0x00081a1c                UARTClass::end()
 .text._ZN9UARTClassC2EP4Uart4IRQnmP10RingBufferS4_
                0x00081a58       0x24 C:\Users\Matt\AppData\Local\Temp\VMBuilds\KeyboardSim\arduino_due_x_dbg/core.a(UARTClass.cpp.o)
                0x00081a58                UARTClass::UARTClass(Uart*, IRQn, unsigned long, RingBuffer*, RingBuffer*)
                0x00081a58                UARTClass::UARTClass(Uart*, IRQn, unsigned long, RingBuffer*, RingBuffer*)
 .text._ZN9UARTClass4initEmm
                0x00081a7c       0x70 C:\Users\Matt\AppData\Local\Temp\VMBuilds\KeyboardSim\arduino_due_x_dbg/core.a(UARTClass.cpp.o)
                0x00081a7c                UARTClass::init(unsigned long, unsigned long)
 .text._ZN9UARTClass5beginEm
                0x00081aec        0x8 C:\Users\Matt\AppData\Local\Temp\VMBuilds\KeyboardSim\arduino_due_x_dbg/core.a(UARTClass.cpp.o)
                0x00081aec                UARTClass::begin(unsigned long)
 .text._ZN9UARTClass10IrqHandlerEv
                0x00081af4       0x5a C:\Users\Matt\AppData\Local\Temp\VMBuilds\KeyboardSim\arduino_due_x_dbg/core.a(UARTClass.cpp.o)
                0x00081af4                UARTClass::IrqHandler()
 .text._ZN10USARTClass5beginEm
                0x00081b4e        0x8 C:\Users\Matt\AppData\Local\Temp\VMBuilds\KeyboardSim\arduino_due_x_dbg/core.a(USARTClass.cpp.o)
                0x00081b4e                USARTClass::begin(unsigned long)
 *fill*         0x00081b56        0x2 
 .text._ZN10USARTClassC2EP5Usart4IRQnmP10RingBufferS4_
                0x00081b58       0x24 C:\Users\Matt\AppData\Local\Temp\VMBuilds\KeyboardSim\arduino_due_x_dbg/core.a(USARTClass.cpp.o)
                0x00081b58                USARTClass::USARTClass(Usart*, IRQn, unsigned long, RingBuffer*, RingBuffer*)
                0x00081b58                USARTClass::USARTClass(Usart*, IRQn, unsigned long, RingBuffer*, RingBuffer*)
 .text._watchdogDefaultSetup
                0x00081b7c        0xc C:\Users\Matt\AppData\Local\Temp\VMBuilds\KeyboardSim\arduino_due_x_dbg/core.a(watchdog.cpp.o)
                0x00081b7c                _watchdogDefaultSetup
                0x00081b7c                watchdogSetup()
 .text._ZN13PluggableUSB_12getInterfaceEPh
                0x00081b88       0x28 C:\Users\Matt\AppData\Local\Temp\VMBuilds\KeyboardSim\arduino_due_x_dbg/core.a(PluggableUSB.cpp.o)
                0x00081b88                PluggableUSB_::getInterface(unsigned char*)
 .text._ZN13PluggableUSB_13getDescriptorER8USBSetup
                0x00081bb0       0x1c C:\Users\Matt\AppData\Local\Temp\VMBuilds\KeyboardSim\arduino_due_x_dbg/core.a(PluggableUSB.cpp.o)
                0x00081bb0                PluggableUSB_::getDescriptor(USBSetup&)
 .text._ZN13PluggableUSB_12getShortNameEPc
                0x00081bcc       0x1c C:\Users\Matt\AppData\Local\Temp\VMBuilds\KeyboardSim\arduino_due_x_dbg/core.a(PluggableUSB.cpp.o)
                0x00081bcc                PluggableUSB_::getShortName(char*)
 .text._ZN13PluggableUSB_5setupER8USBSetup
                0x00081be8       0x20 C:\Users\Matt\AppData\Local\Temp\VMBuilds\KeyboardSim\arduino_due_x_dbg/core.a(PluggableUSB.cpp.o)
                0x00081be8                PluggableUSB_::setup(USBSetup&)
 .text._ZN13PluggableUSB_4plugEP18PluggableUSBModule
                0x00081c08       0x60 C:\Users\Matt\AppData\Local\Temp\VMBuilds\KeyboardSim\arduino_due_x_dbg/core.a(PluggableUSB.cpp.o)
                0x00081c08                PluggableUSB_::plug(PluggableUSBModule*)
 .text._Z12PluggableUSBv
                0x00081c68       0x28 C:\Users\Matt\AppData\Local\Temp\VMBuilds\KeyboardSim\arduino_due_x_dbg/core.a(PluggableUSB.cpp.o)
                0x00081c68                PluggableUSB()
 .text.unlikely._ZL11USB_SendZlpv
                0x00081c90       0x20 C:\Users\Matt\AppData\Local\Temp\VMBuilds\KeyboardSim\arduino_due_x_dbg/core.a(USBCore.cpp.o)
 .text._Z14USBD_Availablem
                0x00081cb0       0x2c C:\Users\Matt\AppData\Local\Temp\VMBuilds\KeyboardSim\arduino_due_x_dbg/core.a(USBCore.cpp.o)
                0x00081cb0                USBD_Available(unsigned long)
 .text._Z9USBD_RecvmPvm
                0x00081cdc       0x7c C:\Users\Matt\AppData\Local\Temp\VMBuilds\KeyboardSim\arduino_due_x_dbg/core.a(USBCore.cpp.o)
                0x00081cdc                USBD_Recv(unsigned long, void*, unsigned long)
 .text._Z9USBD_Recvm
                0x00081d58       0x22 C:\Users\Matt\AppData\Local\Temp\VMBuilds\KeyboardSim\arduino_due_x_dbg/core.a(USBCore.cpp.o)
                0x00081d58                USBD_Recv(unsigned long)
 *fill*         0x00081d7a        0x2 
 .text._Z9USBD_SendmPKvm
                0x00081d7c       0x4c C:\Users\Matt\AppData\Local\Temp\VMBuilds\KeyboardSim\arduino_due_x_dbg/core.a(USBCore.cpp.o)
                0x00081d7c                USBD_Send(unsigned long, void const*, unsigned long)
 .text._Z16USBD_SendControlhPKvm
                0x00081dc8       0x40 C:\Users\Matt\AppData\Local\Temp\VMBuilds\KeyboardSim\arduino_due_x_dbg/core.a(USBCore.cpp.o)
                0x00081dc8                USBD_SendControl(unsigned char, void const*, unsigned long)
 .text.unlikely._ZL24USB_SendStringDescriptorPKhi
                0x00081e08       0x64 C:\Users\Matt\AppData\Local\Temp\VMBuilds\KeyboardSim\arduino_due_x_dbg/core.a(USBCore.cpp.o)
 .text._Z16USBD_RecvControlPvm
                0x00081e6c       0x1c C:\Users\Matt\AppData\Local\Temp\VMBuilds\KeyboardSim\arduino_due_x_dbg/core.a(USBCore.cpp.o)
                0x00081e6c                USBD_RecvControl(void*, unsigned long)
 .text._Z26USBD_ClassInterfaceRequestR8USBSetup
                0x00081e88       0x1e C:\Users\Matt\AppData\Local\Temp\VMBuilds\KeyboardSim\arduino_due_x_dbg/core.a(USBCore.cpp.o)
                0x00081e88                USBD_ClassInterfaceRequest(USBSetup&)
 .text._Z19USBD_SendInterfacesv
                0x00081ea6       0x22 C:\Users\Matt\AppData\Local\Temp\VMBuilds\KeyboardSim\arduino_due_x_dbg/core.a(USBCore.cpp.o)
                0x00081ea6                USBD_SendInterfaces()
 .text._Z24USBD_SendOtherInterfacesv
                0x00081ec8       0x22 C:\Users\Matt\AppData\Local\Temp\VMBuilds\KeyboardSim\arduino_due_x_dbg/core.a(USBCore.cpp.o)
                0x00081ec8                USBD_SendOtherInterfaces()
 .text._Z10USBD_Flushm
                0x00081eea       0x16 C:\Users\Matt\AppData\Local\Temp\VMBuilds\KeyboardSim\arduino_due_x_dbg/core.a(USBCore.cpp.o)
                0x00081eea                USBD_Flush(unsigned long)
 .text._ZN10USBDevice_C2Ev
                0x00081f00       0x24 C:\Users\Matt\AppData\Local\Temp\VMBuilds\KeyboardSim\arduino_due_x_dbg/core.a(USBCore.cpp.o)
                0x00081f00                USBDevice_::USBDevice_()
                0x00081f00                USBDevice_::USBDevice_()
 .text._ZN10USBDevice_6attachEv
                0x00081f24       0x20 C:\Users\Matt\AppData\Local\Temp\VMBuilds\KeyboardSim\arduino_due_x_dbg/core.a(USBCore.cpp.o)
                0x00081f24                USBDevice_::attach()
 .text.startup._GLOBAL__sub_I_EndPoints
                0x00081f44        0xc C:\Users\Matt\AppData\Local\Temp\VMBuilds\KeyboardSim\arduino_due_x_dbg/core.a(USBCore.cpp.o)
 .text._ZL7USB_ISRv
                0x00081f50      0x454 C:\Users\Matt\AppData\Local\Temp\VMBuilds\KeyboardSim\arduino_due_x_dbg/core.a(USBCore.cpp.o)
 .text._ZN7Serial_9availableEv
                0x000823a4       0x18 C:\Users\Matt\AppData\Local\Temp\VMBuilds\KeyboardSim\arduino_due_x_dbg/core.a(CDC.cpp.o)
                0x000823a4                Serial_::available()
 .text._ZN7Serial_17availableForWriteEv
                0x000823bc        0x6 C:\Users\Matt\AppData\Local\Temp\VMBuilds\KeyboardSim\arduino_due_x_dbg/core.a(CDC.cpp.o)
                0x000823bc                Serial_::availableForWrite()
 *fill*         0x000823c2        0x2 
 .text._ZN7Serial_4peekEv
                0x000823c4       0x20 C:\Users\Matt\AppData\Local\Temp\VMBuilds\KeyboardSim\arduino_due_x_dbg/core.a(CDC.cpp.o)
                0x000823c4                Serial_::peek()
 .text._ZN7Serial_5writeEh
                0x000823e4       0x16 C:\Users\Matt\AppData\Local\Temp\VMBuilds\KeyboardSim\arduino_due_x_dbg/core.a(CDC.cpp.o)
                0x000823e4                Serial_::write(unsigned char)
 *fill*         0x000823fa        0x2 
 .text._ZN7Serial_4readEv
                0x000823fc       0x44 C:\Users\Matt\AppData\Local\Temp\VMBuilds\KeyboardSim\arduino_due_x_dbg/core.a(CDC.cpp.o)
                0x000823fc                Serial_::read()
 .text._ZN7Serial_5flushEv
                0x00082440        0x6 C:\Users\Matt\AppData\Local\Temp\VMBuilds\KeyboardSim\arduino_due_x_dbg/core.a(CDC.cpp.o)
                0x00082440                Serial_::flush()
 *fill*         0x00082446        0x2 
 .text._ZN7Serial_6acceptEv
                0x00082448       0x70 C:\Users\Matt\AppData\Local\Temp\VMBuilds\KeyboardSim\arduino_due_x_dbg/core.a(CDC.cpp.o)
                0x00082448                Serial_::accept()
 .text._ZN7Serial_5writeEPKhj
                0x000824b8       0x2c C:\Users\Matt\AppData\Local\Temp\VMBuilds\KeyboardSim\arduino_due_x_dbg/core.a(CDC.cpp.o)
                0x000824b8                Serial_::write(unsigned char const*, unsigned int)
 .text._Z16CDC_GetInterfacePh
                0x000824e4       0x14 C:\Users\Matt\AppData\Local\Temp\VMBuilds\KeyboardSim\arduino_due_x_dbg/core.a(CDC.cpp.o)
                0x000824e4                CDC_GetInterface(unsigned char*)
 .text._Z21CDC_GetOtherInterfacePh
                0x000824f8       0x14 C:\Users\Matt\AppData\Local\Temp\VMBuilds\KeyboardSim\arduino_due_x_dbg/core.a(CDC.cpp.o)
                0x000824f8                CDC_GetOtherInterface(unsigned char*)
 .text._Z9CDC_SetupR8USBSetup
                0x0008250c       0x78 C:\Users\Matt\AppData\Local\Temp\VMBuilds\KeyboardSim\arduino_due_x_dbg/core.a(CDC.cpp.o)
                0x0008250c                CDC_Setup(USBSetup&)
 .text.startup._GLOBAL__sub_I_cdc_rx_buffer
                0x00082584       0x1c C:\Users\Matt\AppData\Local\Temp\VMBuilds\KeyboardSim\arduino_due_x_dbg/core.a(CDC.cpp.o)
 .text.TimeTick_Increment
                0x000825a0       0x10 C:\Users\Matt\AppData\Local\arduino15\packages\arduino\hardware\sam\1.6.9\variants\arduino_due_x/libsam_sam3x8e_gcc_rel.a(timetick.o)
                0x000825a0                TimeTick_Increment
 .text.GetTickCount
                0x000825b0        0xc C:\Users\Matt\AppData\Local\arduino15\packages\arduino\hardware\sam\1.6.9\variants\arduino_due_x/libsam_sam3x8e_gcc_rel.a(timetick.o)
                0x000825b0                GetTickCount
 .text.WDT_Disable
                0x000825bc        0x8 C:\Users\Matt\AppData\Local\arduino15\packages\arduino\hardware\sam\1.6.9\variants\arduino_due_x/libsam_sam3x8e_gcc_rel.a(wdt.o)
                0x000825bc                WDT_Disable
 .text.UDD_SetStack
                0x000825c4        0xc C:\Users\Matt\AppData\Local\arduino15\packages\arduino\hardware\sam\1.6.9\variants\arduino_due_x/libsam_sam3x8e_gcc_rel.a(uotghs_device.o)
                0x000825c4                UDD_SetStack
 .text.UDD_Init
                0x000825d0       0xd0 C:\Users\Matt\AppData\Local\arduino15\packages\arduino\hardware\sam\1.6.9\variants\arduino_due_x/libsam_sam3x8e_gcc_rel.a(uotghs_device.o)
                0x000825d0                UDD_Init
 .text.UDD_Attach
                0x000826a0       0x50 C:\Users\Matt\AppData\Local\arduino15\packages\arduino\hardware\sam\1.6.9\variants\arduino_due_x/libsam_sam3x8e_gcc_rel.a(uotghs_device.o)
                0x000826a0                UDD_Attach
 .text.UDD_InitEP
                0x000826f0       0x2c C:\Users\Matt\AppData\Local\arduino15\packages\arduino\hardware\sam\1.6.9\variants\arduino_due_x/libsam_sam3x8e_gcc_rel.a(uotghs_device.o)
                0x000826f0                UDD_InitEP
 .text.UDD_InitEndpoints
                0x0008271c       0x3c C:\Users\Matt\AppData\Local\arduino15\packages\arduino\hardware\sam\1.6.9\variants\arduino_due_x/libsam_sam3x8e_gcc_rel.a(uotghs_device.o)
                0x0008271c                UDD_InitEndpoints
 .text.UDD_WaitIN
                0x00082758       0x10 C:\Users\Matt\AppData\Local\arduino15\packages\arduino\hardware\sam\1.6.9\variants\arduino_due_x/libsam_sam3x8e_gcc_rel.a(uotghs_device.o)
                0x00082758                UDD_WaitIN
 .text.UDD_WaitOUT
                0x00082768       0x10 C:\Users\Matt\AppData\Local\arduino15\packages\arduino\hardware\sam\1.6.9\variants\arduino_due_x/libsam_sam3x8e_gcc_rel.a(uotghs_device.o)
                0x00082768                UDD_WaitOUT
 .text.UDD_ClearIN
                0x00082778       0x18 C:\Users\Matt\AppData\Local\arduino15\packages\arduino\hardware\sam\1.6.9\variants\arduino_due_x/libsam_sam3x8e_gcc_rel.a(uotghs_device.o)
                0x00082778                UDD_ClearIN
 .text.UDD_ClearOUT
                0x00082790       0x18 C:\Users\Matt\AppData\Local\arduino15\packages\arduino\hardware\sam\1.6.9\variants\arduino_due_x/libsam_sam3x8e_gcc_rel.a(uotghs_device.o)
                0x00082790                UDD_ClearOUT
 .text.UDD_ReceivedSetupInt
                0x000827a8       0x10 C:\Users\Matt\AppData\Local\arduino15\packages\arduino\hardware\sam\1.6.9\variants\arduino_due_x/libsam_sam3x8e_gcc_rel.a(uotghs_device.o)
                0x000827a8                UDD_ReceivedSetupInt
 .text.UDD_ClearSetupInt
                0x000827b8       0x10 C:\Users\Matt\AppData\Local\arduino15\packages\arduino\hardware\sam\1.6.9\variants\arduino_due_x/libsam_sam3x8e_gcc_rel.a(uotghs_device.o)
                0x000827b8                UDD_ClearSetupInt
 .text.UDD_Send
                0x000827c8       0x88 C:\Users\Matt\AppData\Local\arduino15\packages\arduino\hardware\sam\1.6.9\variants\arduino_due_x/libsam_sam3x8e_gcc_rel.a(uotghs_device.o)
                0x000827c8                UDD_Send
 .text.UDD_Send8
                0x00082850       0x24 C:\Users\Matt\AppData\Local\arduino15\packages\arduino\hardware\sam\1.6.9\variants\arduino_due_x/libsam_sam3x8e_gcc_rel.a(uotghs_device.o)
                0x00082850                UDD_Send8
 .text.UDD_Recv8
                0x00082874       0x28 C:\Users\Matt\AppData\Local\arduino15\packages\arduino\hardware\sam\1.6.9\variants\arduino_due_x/libsam_sam3x8e_gcc_rel.a(uotghs_device.o)
                0x00082874                UDD_Recv8
 .text.UDD_Recv
                0x0008289c       0x34 C:\Users\Matt\AppData\Local\arduino15\packages\arduino\hardware\sam\1.6.9\variants\arduino_due_x/libsam_sam3x8e_gcc_rel.a(uotghs_device.o)
                0x0008289c                UDD_Recv
 .text.UDD_Stall
                0x000828d0       0x14 C:\Users\Matt\AppData\Local\arduino15\packages\arduino\hardware\sam\1.6.9\variants\arduino_due_x/libsam_sam3x8e_gcc_rel.a(uotghs_device.o)
                0x000828d0                UDD_Stall
 .text.UDD_FifoByteCount
                0x000828e4       0x14 C:\Users\Matt\AppData\Local\arduino15\packages\arduino\hardware\sam\1.6.9\variants\arduino_due_x/libsam_sam3x8e_gcc_rel.a(uotghs_device.o)
                0x000828e4                UDD_FifoByteCount
 .text.UDD_ReleaseRX
                0x000828f8       0x28 C:\Users\Matt\AppData\Local\arduino15\packages\arduino\hardware\sam\1.6.9\variants\arduino_due_x/libsam_sam3x8e_gcc_rel.a(uotghs_device.o)
                0x000828f8                UDD_ReleaseRX
 .text.UDD_ReleaseTX
                0x00082920       0x28 C:\Users\Matt\AppData\Local\arduino15\packages\arduino\hardware\sam\1.6.9\variants\arduino_due_x/libsam_sam3x8e_gcc_rel.a(uotghs_device.o)
                0x00082920                UDD_ReleaseTX
 .text.UDD_SetAddress
                0x00082948       0x20 C:\Users\Matt\AppData\Local\arduino15\packages\arduino\hardware\sam\1.6.9\variants\arduino_due_x/libsam_sam3x8e_gcc_rel.a(uotghs_device.o)
                0x00082948                UDD_SetAddress
 .text.__assert_func
                0x00082968       0x3c c:/users/matt/appdata/local/arduino15/packages/arduino/tools/arm-none-eabi-gcc/4.8.3-2014q1/bin/../lib/gcc/arm-none-eabi/4.8.3/../../../../arm-none-eabi/lib/armv7-m\libg.a(lib_a-assert.o)
                0x00082968                __assert_func
 .text.fiprintf
                0x000829a4       0x28 c:/users/matt/appdata/local/arduino15/packages/arduino/tools/arm-none-eabi-gcc/4.8.3-2014q1/bin/../lib/gcc/arm-none-eabi/4.8.3/../../../../arm-none-eabi/lib/armv7-m\libg.a(lib_a-fiprintf.o)
                0x000829a4                fiprintf
 .text.__libc_init_array
                0x000829cc       0x50 c:/users/matt/appdata/local/arduino15/packages/arduino/tools/arm-none-eabi-gcc/4.8.3-2014q1/bin/../lib/gcc/arm-none-eabi/4.8.3/../../../../arm-none-eabi/lib/armv7-m\libg.a(lib_a-init.o)
                0x000829cc                __libc_init_array
 .text.iprintf  0x00082a1c       0x28 c:/users/matt/appdata/local/arduino15/packages/arduino/tools/arm-none-eabi-gcc/4.8.3-2014q1/bin/../lib/gcc/arm-none-eabi/4.8.3/../../../../arm-none-eabi/lib/armv7-m\libg.a(lib_a-iprintf.o)
                0x00082a1c                iprintf
 .text          0x00082a44       0xec c:/users/matt/appdata/local/arduino15/packages/arduino/tools/arm-none-eabi-gcc/4.8.3-2014q1/bin/../lib/gcc/arm-none-eabi/4.8.3/../../../../arm-none-eabi/lib/armv7-m\libg.a(lib_a-memcpy.o)
                0x00082a44                memcpy
 .text.memset   0x00082b30       0x94 c:/users/matt/appdata/local/arduino15/packages/arduino/tools/arm-none-eabi-gcc/4.8.3-2014q1/bin/../lib/gcc/arm-none-eabi/4.8.3/../../../../arm-none-eabi/lib/armv7-m\libg.a(lib_a-memset.o)
                0x00082b30                memset
 .text.strlen   0x00082bc4       0x60 c:/users/matt/appdata/local/arduino15/packages/arduino/tools/arm-none-eabi-gcc/4.8.3-2014q1/bin/../lib/gcc/arm-none-eabi/4.8.3/../../../../arm-none-eabi/lib/armv7-m\libg.a(lib_a-strlen.o)
                0x00082bc4                strlen
 .text.kill     0x00082c24       0x10 c:/users/matt/appdata/local/arduino15/packages/arduino/tools/arm-none-eabi-gcc/4.8.3-2014q1/bin/../lib/gcc/arm-none-eabi/4.8.3/../../../../arm-none-eabi/lib/armv7-m\libg.a(lib_a-syskill.o)
                0x00082c24                kill
 .text.__sprint_r.part.0
                0x00082c34       0x78 c:/users/matt/appdata/local/arduino15/packages/arduino/tools/arm-none-eabi-gcc/4.8.3-2014q1/bin/../lib/gcc/arm-none-eabi/4.8.3/../../../../arm-none-eabi/lib/armv7-m\libg.a(lib_a-vfiprintf.o)
 .text._vfiprintf_r
                0x00082cac      0xc54 c:/users/matt/appdata/local/arduino15/packages/arduino/tools/arm-none-eabi-gcc/4.8.3-2014q1/bin/../lib/gcc/arm-none-eabi/4.8.3/../../../../arm-none-eabi/lib/armv7-m\libg.a(lib_a-vfiprintf.o)
                0x00082cac                _vfiprintf_r
 .text.__sbprintf
                0x00083900       0x7c c:/users/matt/appdata/local/arduino15/packages/arduino/tools/arm-none-eabi-gcc/4.8.3-2014q1/bin/../lib/gcc/arm-none-eabi/4.8.3/../../../../arm-none-eabi/lib/armv7-m\libg.a(lib_a-vfiprintf.o)
 .text.__swsetup_r
                0x0008397c       0xc4 c:/users/matt/appdata/local/arduino15/packages/arduino/tools/arm-none-eabi-gcc/4.8.3-2014q1/bin/../lib/gcc/arm-none-eabi/4.8.3/../../../../arm-none-eabi/lib/armv7-m\libg.a(lib_a-wsetup.o)
                0x0008397c                __swsetup_r
 .text.startup.register_fini
                0x00083a40       0x14 c:/users/matt/appdata/local/arduino15/packages/arduino/tools/arm-none-eabi-gcc/4.8.3-2014q1/bin/../lib/gcc/arm-none-eabi/4.8.3/../../../../arm-none-eabi/lib/armv7-m\libg.a(lib_a-__call_atexit.o)
 .text.abort    0x00083a54       0x10 c:/users/matt/appdata/local/arduino15/packages/arduino/tools/arm-none-eabi-gcc/4.8.3-2014q1/bin/../lib/gcc/arm-none-eabi/4.8.3/../../../../arm-none-eabi/lib/armv7-m\libg.a(lib_a-abort.o)
                0x00083a54                abort
 .text.atexit   0x00083a64        0xc c:/users/matt/appdata/local/arduino15/packages/arduino/tools/arm-none-eabi-gcc/4.8.3-2014q1/bin/../lib/gcc/arm-none-eabi/4.8.3/../../../../arm-none-eabi/lib/armv7-m\libg.a(lib_a-atexit.o)
                0x00083a64                atexit
 .text.__sflush_r
                0x00083a70      0x148 c:/users/matt/appdata/local/arduino15/packages/arduino/tools/arm-none-eabi-gcc/4.8.3-2014q1/bin/../lib/gcc/arm-none-eabi/4.8.3/../../../../arm-none-eabi/lib/armv7-m\libg.a(lib_a-fflush.o)
                0x00083a70                __sflush_r
 .text._fflush_r
                0x00083bb8       0x2c c:/users/matt/appdata/local/arduino15/packages/arduino/tools/arm-none-eabi-gcc/4.8.3-2014q1/bin/../lib/gcc/arm-none-eabi/4.8.3/../../../../arm-none-eabi/lib/armv7-m\libg.a(lib_a-fflush.o)
                0x00083bb8                _fflush_r
 .text._cleanup_r
                0x00083be4        0xc c:/users/matt/appdata/local/arduino15/packages/arduino/tools/arm-none-eabi-gcc/4.8.3-2014q1/bin/../lib/gcc/arm-none-eabi/4.8.3/../../../../arm-none-eabi/lib/armv7-m\libg.a(lib_a-findfp.o)
                0x00083be4                _cleanup_r
 .text.__sinit  0x00083bf0       0xf4 c:/users/matt/appdata/local/arduino15/packages/arduino/tools/arm-none-eabi-gcc/4.8.3-2014q1/bin/../lib/gcc/arm-none-eabi/4.8.3/../../../../arm-none-eabi/lib/armv7-m\libg.a(lib_a-findfp.o)
                0x00083bf0                __sinit
 .text.__sfp_lock_acquire
                0x00083ce4        0x4 c:/users/matt/appdata/local/arduino15/packages/arduino/tools/arm-none-eabi-gcc/4.8.3-2014q1/bin/../lib/gcc/arm-none-eabi/4.8.3/../../../../arm-none-eabi/lib/armv7-m\libg.a(lib_a-findfp.o)
                0x00083ce4                __sfp_lock_acquire
 .text.__sfp_lock_release
                0x00083ce8        0x4 c:/users/matt/appdata/local/arduino15/packages/arduino/tools/arm-none-eabi-gcc/4.8.3-2014q1/bin/../lib/gcc/arm-none-eabi/4.8.3/../../../../arm-none-eabi/lib/armv7-m\libg.a(lib_a-findfp.o)
                0x00083ce8                __sfp_lock_release
 .text.__libc_fini_array
                0x00083cec       0x30 c:/users/matt/appdata/local/arduino15/packages/arduino/tools/arm-none-eabi-gcc/4.8.3-2014q1/bin/../lib/gcc/arm-none-eabi/4.8.3/../../../../arm-none-eabi/lib/armv7-m\libg.a(lib_a-fini.o)
                0x00083cec                __libc_fini_array
 .text._fputwc_r
                0x00083d1c       0xc0 c:/users/matt/appdata/local/arduino15/packages/arduino/tools/arm-none-eabi-gcc/4.8.3-2014q1/bin/../lib/gcc/arm-none-eabi/4.8.3/../../../../arm-none-eabi/lib/armv7-m\libg.a(lib_a-fputwc.o)
                0x00083d1c                _fputwc_r
 .text._malloc_trim_r
                0x00083ddc       0x9c c:/users/matt/appdata/local/arduino15/packages/arduino/tools/arm-none-eabi-gcc/4.8.3-2014q1/bin/../lib/gcc/arm-none-eabi/4.8.3/../../../../arm-none-eabi/lib/armv7-m\libg.a(lib_a-freer.o)
                0x00083ddc                _malloc_trim_r
 .text._free_r  0x00083e78      0x198 c:/users/matt/appdata/local/arduino15/packages/arduino/tools/arm-none-eabi-gcc/4.8.3-2014q1/bin/../lib/gcc/arm-none-eabi/4.8.3/../../../../arm-none-eabi/lib/armv7-m\libg.a(lib_a-freer.o)
                0x00083e78                _free_r
 .text.__sfvwrite_r
                0x00084010      0x314 c:/users/matt/appdata/local/arduino15/packages/arduino/tools/arm-none-eabi-gcc/4.8.3-2014q1/bin/../lib/gcc/arm-none-eabi/4.8.3/../../../../arm-none-eabi/lib/armv7-m\libg.a(lib_a-fvwrite.o)
                0x00084010                __sfvwrite_r
 .text._fwalk   0x00084324       0x48 c:/users/matt/appdata/local/arduino15/packages/arduino/tools/arm-none-eabi-gcc/4.8.3-2014q1/bin/../lib/gcc/arm-none-eabi/4.8.3/../../../../arm-none-eabi/lib/armv7-m\libg.a(lib_a-fwalk.o)
                0x00084324                _fwalk
 .text.__locale_charset
                0x0008436c        0x8 c:/users/matt/appdata/local/arduino15/packages/arduino/tools/arm-none-eabi-gcc/4.8.3-2014q1/bin/../lib/gcc/arm-none-eabi/4.8.3/../../../../arm-none-eabi/lib/armv7-m\libg.a(lib_a-locale.o)
                0x0008436c                __locale_charset
 .text.__locale_mb_cur_max
                0x00084374        0xc c:/users/matt/appdata/local/arduino15/packages/arduino/tools/arm-none-eabi-gcc/4.8.3-2014q1/bin/../lib/gcc/arm-none-eabi/4.8.3/../../../../arm-none-eabi/lib/armv7-m\libg.a(lib_a-locale.o)
                0x00084374                __locale_mb_cur_max
 .text.__smakebuf_r
                0x00084380       0xe0 c:/users/matt/appdata/local/arduino15/packages/arduino/tools/arm-none-eabi-gcc/4.8.3-2014q1/bin/../lib/gcc/arm-none-eabi/4.8.3/../../../../arm-none-eabi/lib/armv7-m\libg.a(lib_a-makebuf.o)
                0x00084380                __smakebuf_r
 .text._malloc_r
                0x00084460      0x538 c:/users/matt/appdata/local/arduino15/packages/arduino/tools/arm-none-eabi-gcc/4.8.3-2014q1/bin/../lib/gcc/arm-none-eabi/4.8.3/../../../../arm-none-eabi/lib/armv7-m\libg.a(lib_a-mallocr.o)
                0x00084460                _malloc_r
 .text.memchr   0x00084998       0x94 c:/users/matt/appdata/local/arduino15/packages/arduino/tools/arm-none-eabi-gcc/4.8.3-2014q1/bin/../lib/gcc/arm-none-eabi/4.8.3/../../../../arm-none-eabi/lib/armv7-m\libg.a(lib_a-memchr-stub.o)
                0x00084998                memchr
 .text.memmove  0x00084a2c       0xcc c:/users/matt/appdata/local/arduino15/packages/arduino/tools/arm-none-eabi-gcc/4.8.3-2014q1/bin/../lib/gcc/arm-none-eabi/4.8.3/../../../../arm-none-eabi/lib/armv7-m\libg.a(lib_a-memmove.o)
                0x00084a2c                memmove
 .text.__malloc_lock
                0x00084af8        0x4 c:/users/matt/appdata/local/arduino15/packages/arduino/tools/arm-none-eabi-gcc/4.8.3-2014q1/bin/../lib/gcc/arm-none-eabi/4.8.3/../../../../arm-none-eabi/lib/armv7-m\libg.a(lib_a-mlock.o)
                0x00084af8                __malloc_lock
 .text.__malloc_unlock
                0x00084afc        0x4 c:/users/matt/appdata/local/arduino15/packages/arduino/tools/arm-none-eabi-gcc/4.8.3-2014q1/bin/../lib/gcc/arm-none-eabi/4.8.3/../../../../arm-none-eabi/lib/armv7-m\libg.a(lib_a-mlock.o)
                0x00084afc                __malloc_unlock
 .text._realloc_r
                0x00084b00      0x3c0 c:/users/matt/appdata/local/arduino15/packages/arduino/tools/arm-none-eabi-gcc/4.8.3-2014q1/bin/../lib/gcc/arm-none-eabi/4.8.3/../../../../arm-none-eabi/lib/armv7-m\libg.a(lib_a-reallocr.o)
                0x00084b00                _realloc_r
 .text._sbrk_r  0x00084ec0       0x24 c:/users/matt/appdata/local/arduino15/packages/arduino/tools/arm-none-eabi-gcc/4.8.3-2014q1/bin/../lib/gcc/arm-none-eabi/4.8.3/../../../../arm-none-eabi/lib/armv7-m\libg.a(lib_a-sbrkr.o)
                0x00084ec0                _sbrk_r
 .text._raise_r
                0x00084ee4       0x58 c:/users/matt/appdata/local/arduino15/packages/arduino/tools/arm-none-eabi-gcc/4.8.3-2014q1/bin/../lib/gcc/arm-none-eabi/4.8.3/../../../../arm-none-eabi/lib/armv7-m\libg.a(lib_a-signal.o)
                0x00084ee4                _raise_r
 .text.raise    0x00084f3c       0x10 c:/users/matt/appdata/local/arduino15/packages/arduino/tools/arm-none-eabi-gcc/4.8.3-2014q1/bin/../lib/gcc/arm-none-eabi/4.8.3/../../../../arm-none-eabi/lib/armv7-m\libg.a(lib_a-signal.o)
                0x00084f3c                raise
 .text._kill_r  0x00084f4c       0x28 c:/users/matt/appdata/local/arduino15/packages/arduino/tools/arm-none-eabi-gcc/4.8.3-2014q1/bin/../lib/gcc/arm-none-eabi/4.8.3/../../../../arm-none-eabi/lib/armv7-m\libg.a(lib_a-signalr.o)
                0x00084f4c                _kill_r
 .text._getpid_r
                0x00084f74        0x4 c:/users/matt/appdata/local/arduino15/packages/arduino/tools/arm-none-eabi-gcc/4.8.3-2014q1/bin/../lib/gcc/arm-none-eabi/4.8.3/../../../../arm-none-eabi/lib/armv7-m\libg.a(lib_a-signalr.o)
                0x00084f74                _getpid_r
 .text.__sread  0x00084f78       0x24 c:/users/matt/appdata/local/arduino15/packages/arduino/tools/arm-none-eabi-gcc/4.8.3-2014q1/bin/../lib/gcc/arm-none-eabi/4.8.3/../../../../arm-none-eabi/lib/armv7-m\libg.a(lib_a-stdio.o)
                0x00084f78                __sread
 .text.__swrite
                0x00084f9c       0x38 c:/users/matt/appdata/local/arduino15/packages/arduino/tools/arm-none-eabi-gcc/4.8.3-2014q1/bin/../lib/gcc/arm-none-eabi/4.8.3/../../../../arm-none-eabi/lib/armv7-m\libg.a(lib_a-stdio.o)
                0x00084f9c                __swrite
 .text.__sseek  0x00084fd4       0x20 c:/users/matt/appdata/local/arduino15/packages/arduino/tools/arm-none-eabi-gcc/4.8.3-2014q1/bin/../lib/gcc/arm-none-eabi/4.8.3/../../../../arm-none-eabi/lib/armv7-m\libg.a(lib_a-stdio.o)
                0x00084fd4                __sseek
 .text.__sclose
                0x00084ff4        0x8 c:/users/matt/appdata/local/arduino15/packages/arduino/tools/arm-none-eabi-gcc/4.8.3-2014q1/bin/../lib/gcc/arm-none-eabi/4.8.3/../../../../arm-none-eabi/lib/armv7-m\libg.a(lib_a-stdio.o)
                0x00084ff4                __sclose
 .text.__swbuf_r
                0x00084ffc       0xa8 c:/users/matt/appdata/local/arduino15/packages/arduino/tools/arm-none-eabi-gcc/4.8.3-2014q1/bin/../lib/gcc/arm-none-eabi/4.8.3/../../../../arm-none-eabi/lib/armv7-m\libg.a(lib_a-wbuf.o)
                0x00084ffc                __swbuf_r
 .text._wcrtomb_r
                0x000850a4       0x50 c:/users/matt/appdata/local/arduino15/packages/arduino/tools/arm-none-eabi-gcc/4.8.3-2014q1/bin/../lib/gcc/arm-none-eabi/4.8.3/../../../../arm-none-eabi/lib/armv7-m\libg.a(lib_a-wcrtomb.o)
                0x000850a4                _wcrtomb_r
 .text.__ascii_wctomb
                0x000850f4       0x1c c:/users/matt/appdata/local/arduino15/packages/arduino/tools/arm-none-eabi-gcc/4.8.3-2014q1/bin/../lib/gcc/arm-none-eabi/4.8.3/../../../../arm-none-eabi/lib/armv7-m\libg.a(lib_a-wctomb_r.o)
                0x000850f4                __ascii_wctomb
 .text._write_r
                0x00085110       0x28 c:/users/matt/appdata/local/arduino15/packages/arduino/tools/arm-none-eabi-gcc/4.8.3-2014q1/bin/../lib/gcc/arm-none-eabi/4.8.3/../../../../arm-none-eabi/lib/armv7-m\libg.a(lib_a-writer.o)
                0x00085110                _write_r
 .text.__register_exitproc
                0x00085138       0xa8 c:/users/matt/appdata/local/arduino15/packages/arduino/tools/arm-none-eabi-gcc/4.8.3-2014q1/bin/../lib/gcc/arm-none-eabi/4.8.3/../../../../arm-none-eabi/lib/armv7-m\libg.a(lib_a-__atexit.o)
                0x00085138                __register_exitproc
 .text._close_r
                0x000851e0       0x24 c:/users/matt/appdata/local/arduino15/packages/arduino/tools/arm-none-eabi-gcc/4.8.3-2014q1/bin/../lib/gcc/arm-none-eabi/4.8.3/../../../../arm-none-eabi/lib/armv7-m\libg.a(lib_a-closer.o)
                0x000851e0                _close_r
 .text._fclose_r
                0x00085204       0x80 c:/users/matt/appdata/local/arduino15/packages/arduino/tools/arm-none-eabi-gcc/4.8.3-2014q1/bin/../lib/gcc/arm-none-eabi/4.8.3/../../../../arm-none-eabi/lib/armv7-m\libg.a(lib_a-fclose.o)
                0x00085204                _fclose_r
 .text.fclose   0x00085284       0x10 c:/users/matt/appdata/local/arduino15/packages/arduino/tools/arm-none-eabi-gcc/4.8.3-2014q1/bin/../lib/gcc/arm-none-eabi/4.8.3/../../../../arm-none-eabi/lib/armv7-m\libg.a(lib_a-fclose.o)
                0x00085284                fclose
 .text._fstat_r
                0x00085294       0x28 c:/users/matt/appdata/local/arduino15/packages/arduino/tools/arm-none-eabi-gcc/4.8.3-2014q1/bin/../lib/gcc/arm-none-eabi/4.8.3/../../../../arm-none-eabi/lib/armv7-m\libg.a(lib_a-fstatr.o)
                0x00085294                _fstat_r
 .text._isatty_r
                0x000852bc       0x24 c:/users/matt/appdata/local/arduino15/packages/arduino/tools/arm-none-eabi-gcc/4.8.3-2014q1/bin/../lib/gcc/arm-none-eabi/4.8.3/../../../../arm-none-eabi/lib/armv7-m\libg.a(lib_a-isattyr.o)
                0x000852bc                _isatty_r
 .text._lseek_r
                0x000852e0       0x28 c:/users/matt/appdata/local/arduino15/packages/arduino/tools/arm-none-eabi-gcc/4.8.3-2014q1/bin/../lib/gcc/arm-none-eabi/4.8.3/../../../../arm-none-eabi/lib/armv7-m\libg.a(lib_a-lseekr.o)
                0x000852e0                _lseek_r
 .text._read_r  0x00085308       0x28 c:/users/matt/appdata/local/arduino15/packages/arduino/tools/arm-none-eabi-gcc/4.8.3-2014q1/bin/../lib/gcc/arm-none-eabi/4.8.3/../../../../arm-none-eabi/lib/armv7-m\libg.a(lib_a-readr.o)
                0x00085308                _read_r
 .text          0x00085330       0x2c c:/users/matt/appdata/local/arduino15/packages/arduino/tools/arm-none-eabi-gcc/4.8.3-2014q1/bin/../lib/gcc/arm-none-eabi/4.8.3/armv7-m\libgcc.a(_aeabi_uldivmod.o)
                0x00085330                __aeabi_uldivmod
 .text          0x0008535c       0x60 c:/users/matt/appdata/local/arduino15/packages/arduino/tools/arm-none-eabi-gcc/4.8.3-2014q1/bin/../lib/gcc/arm-none-eabi/4.8.3/armv7-m\libgcc.a(bpabi.o)
                0x0008535c                __gnu_ldivmod_helper
                0x0008538c                __gnu_uldivmod_helper
 .text          0x000853bc        0x4 c:/users/matt/appdata/local/arduino15/packages/arduino/tools/arm-none-eabi-gcc/4.8.3-2014q1/bin/../lib/gcc/arm-none-eabi/4.8.3/armv7-m\libgcc.a(_dvmd_tls.o)
                0x000853bc                __aeabi_idiv0
                0x000853bc                __aeabi_ldiv0
 .text          0x000853c0      0x2a0 c:/users/matt/appdata/local/arduino15/packages/arduino/tools/arm-none-eabi-gcc/4.8.3-2014q1/bin/../lib/gcc/arm-none-eabi/4.8.3/armv7-m\libgcc.a(_divdi3.o)
                0x000853c0                __divdi3
 .text          0x00085660      0x290 c:/users/matt/appdata/local/arduino15/packages/arduino/tools/arm-none-eabi-gcc/4.8.3-2014q1/bin/../lib/gcc/arm-none-eabi/4.8.3/armv7-m\libgcc.a(_udivdi3.o)
                0x00085660                __udivdi3
 *(.glue_7t)
 .glue_7t       0x00000000        0x0 linker stubs
 *(.glue_7)
 .glue_7        0x00000000        0x0 linker stubs
 *(.rodata .rodata* .gnu.linkonce.r.*)
 .rodata.str1.1
                0x000858f0       0xb8 C:\Users\Matt\AppData\Local\Temp\VMBuilds\KeyboardSim\arduino_due_x_dbg\KeyboardSim.cpp.o
                                 0xc3 (size before relaxing)
 .rodata._ZTV7TwoWire
                0x000859a8       0x20 C:\Users\Matt\AppData\Local\Temp\VMBuilds\KeyboardSim\arduino_due_x_dbg\Wire\Wire.cpp.o
                0x000859a8                vtable for TwoWire
 .rodata._ZTV9Keyboard_
                0x000859c8       0x10 C:\Users\Matt\AppData\Local\Temp\VMBuilds\KeyboardSim\arduino_due_x_dbg\Keyboard\Keyboard.cpp.o
                0x000859c8                vtable for Keyboard_
 .rodata._ZL20_hidReportDescriptor
                0x000859d8       0x2f C:\Users\Matt\AppData\Local\Temp\VMBuilds\KeyboardSim\arduino_due_x_dbg\Keyboard\Keyboard.cpp.o
 .rodata._asciimap
                0x00085a07       0x80 C:\Users\Matt\AppData\Local\Temp\VMBuilds\KeyboardSim\arduino_due_x_dbg\Keyboard\Keyboard.cpp.o
                0x00085a07                _asciimap
 *fill*         0x00085a87        0x1 
 .rodata._ZTV4HID_
                0x00085a88       0x18 C:\Users\Matt\AppData\Local\Temp\VMBuilds\KeyboardSim\arduino_due_x_dbg\HID\HID.cpp.o
                0x00085a88                vtable for HID_
 .rodata.str1.1
                0x00085aa0       0x58 C:\Users\Matt\AppData\Local\Temp\VMBuilds\KeyboardSim\arduino_due_x_dbg\VM_DBG\VM_DBG.cpp.o
 .rodata.g_APinDescription
                0x00085af8      0xa2c C:\Users\Matt\AppData\Local\Temp\VMBuilds\KeyboardSim\arduino_due_x_dbg\variant\variant.cpp.o
                0x00085af8                g_APinDescription
 .rodata.__func__.7227
                0x00086524        0xe C:\Users\Matt\AppData\Local\arduino15\packages\arduino\hardware\sam\1.6.9\variants\arduino_due_x/libsam_sam3x8e_gcc_rel.a(twi.o)
 .rodata.__func__.7208
                0x00086532        0xf C:\Users\Matt\AppData\Local\arduino15\packages\arduino\hardware\sam\1.6.9\variants\arduino_due_x/libsam_sam3x8e_gcc_rel.a(twi.o)
 .rodata.__func__.7172
                0x00086541       0x13 C:\Users\Matt\AppData\Local\arduino15\packages\arduino\hardware\sam\1.6.9\variants\arduino_due_x/libsam_sam3x8e_gcc_rel.a(twi.o)
 .rodata.__func__.7176
                0x00086554        0xc C:\Users\Matt\AppData\Local\arduino15\packages\arduino\hardware\sam\1.6.9\variants\arduino_due_x/libsam_sam3x8e_gcc_rel.a(twi.o)
 .rodata.str1.1
                0x00086560       0xb4 C:\Users\Matt\AppData\Local\arduino15\packages\arduino\hardware\sam\1.6.9\variants\arduino_due_x/libsam_sam3x8e_gcc_rel.a(twi.o)
 .rodata.__func__.7184
                0x00086614        0x9 C:\Users\Matt\AppData\Local\arduino15\packages\arduino\hardware\sam\1.6.9\variants\arduino_due_x/libsam_sam3x8e_gcc_rel.a(twi.o)
 .rodata.__func__.7231
                0x0008661d        0xe C:\Users\Matt\AppData\Local\arduino15\packages\arduino\hardware\sam\1.6.9\variants\arduino_due_x/libsam_sam3x8e_gcc_rel.a(twi.o)
 .rodata.__func__.7195
                0x0008662b        0xd C:\Users\Matt\AppData\Local\arduino15\packages\arduino\hardware\sam\1.6.9\variants\arduino_due_x/libsam_sam3x8e_gcc_rel.a(twi.o)
 .rodata.__func__.7222
                0x00086638        0xd C:\Users\Matt\AppData\Local\arduino15\packages\arduino\hardware\sam\1.6.9\variants\arduino_due_x/libsam_sam3x8e_gcc_rel.a(twi.o)
 .rodata.__func__.7200
                0x00086645        0xe C:\Users\Matt\AppData\Local\arduino15\packages\arduino\hardware\sam\1.6.9\variants\arduino_due_x/libsam_sam3x8e_gcc_rel.a(twi.o)
 *fill*         0x00086653        0x1 
 .rodata        0x00086654       0x40 C:\Users\Matt\AppData\Local\arduino15\packages\arduino\hardware\sam\1.6.9\variants\arduino_due_x/libsam_sam3x8e_gcc_rel.a(adc.o)
 .rodata.str1.1
                0x00086694       0x19 C:\Users\Matt\AppData\Local\Temp\VMBuilds\KeyboardSim\arduino_due_x_dbg/core.a(syscalls_sam3.c.o)
 .rodata.str1.1
                0x000866ad        0xc C:\Users\Matt\AppData\Local\Temp\VMBuilds\KeyboardSim\arduino_due_x_dbg/core.a(Print.cpp.o)
                                 0x11 (size before relaxing)
 *fill*         0x000866b9        0x7 
 .rodata._ZTV9UARTClass
                0x000866c0       0x30 C:\Users\Matt\AppData\Local\Temp\VMBuilds\KeyboardSim\arduino_due_x_dbg/core.a(UARTClass.cpp.o)
                0x000866c0                vtable for UARTClass
 .rodata._ZTV10USARTClass
                0x000866f0       0x30 C:\Users\Matt\AppData\Local\Temp\VMBuilds\KeyboardSim\arduino_due_x_dbg/core.a(USARTClass.cpp.o)
                0x000866f0                vtable for USARTClass
 .rodata.STRING_PRODUCT
                0x00086720        0xc C:\Users\Matt\AppData\Local\Temp\VMBuilds\KeyboardSim\arduino_due_x_dbg/core.a(USBCore.cpp.o)
                0x00086720                STRING_PRODUCT
 .rodata.USB_DeviceDescriptor
                0x0008672c       0x12 C:\Users\Matt\AppData\Local\Temp\VMBuilds\KeyboardSim\arduino_due_x_dbg/core.a(USBCore.cpp.o)
                0x0008672c                USB_DeviceDescriptor
 .rodata.STRING_LANGUAGE
                0x0008673e        0x4 C:\Users\Matt\AppData\Local\Temp\VMBuilds\KeyboardSim\arduino_due_x_dbg/core.a(USBCore.cpp.o)
                0x0008673e                STRING_LANGUAGE
 .rodata._ZL18test_packet_buffer
                0x00086742       0x35 C:\Users\Matt\AppData\Local\Temp\VMBuilds\KeyboardSim\arduino_due_x_dbg/core.a(USBCore.cpp.o)
 .rodata.STRING_MANUFACTURER
                0x00086777        0xc C:\Users\Matt\AppData\Local\Temp\VMBuilds\KeyboardSim\arduino_due_x_dbg/core.a(USBCore.cpp.o)
                0x00086777                STRING_MANUFACTURER
 .rodata.USB_DeviceDescriptorA
                0x00086783       0x12 C:\Users\Matt\AppData\Local\Temp\VMBuilds\KeyboardSim\arduino_due_x_dbg/core.a(USBCore.cpp.o)
                0x00086783                USB_DeviceDescriptorA
 .rodata._ZL19USB_DeviceQualifier
                0x00086795        0x9 C:\Users\Matt\AppData\Local\Temp\VMBuilds\KeyboardSim\arduino_due_x_dbg/core.a(USBCore.cpp.o)
 *fill*         0x0008679e        0x2 
 .rodata._ZTV7Serial_
                0x000867a0       0x28 C:\Users\Matt\AppData\Local\Temp\VMBuilds\KeyboardSim\arduino_due_x_dbg/core.a(CDC.cpp.o)
                0x000867a0                vtable for Serial_
 .rodata._ZL18_cdcOtherInterface
                0x000867c8       0x42 C:\Users\Matt\AppData\Local\Temp\VMBuilds\KeyboardSim\arduino_due_x_dbg/core.a(CDC.cpp.o)
 .rodata._ZL13_cdcInterface
                0x0008680a       0x42 C:\Users\Matt\AppData\Local\Temp\VMBuilds\KeyboardSim\arduino_due_x_dbg/core.a(CDC.cpp.o)
 .rodata.str1.4
                0x0008684c       0x3f c:/users/matt/appdata/local/arduino15/packages/arduino/tools/arm-none-eabi-gcc/4.8.3-2014q1/bin/../lib/gcc/arm-none-eabi/4.8.3/../../../../arm-none-eabi/lib/armv7-m\libg.a(lib_a-assert.o)
                                 0x44 (size before relaxing)
 *fill*         0x0008688b        0x1 
 .rodata.str1.4
                0x0008688c        0x2 c:/users/matt/appdata/local/arduino15/packages/arduino/tools/arm-none-eabi-gcc/4.8.3-2014q1/bin/../lib/gcc/arm-none-eabi/4.8.3/../../../../arm-none-eabi/lib/armv7-m\libg.a(lib_a-impure.o)
                                  0x4 (size before relaxing)
 *fill*         0x0008688e        0x2 
 .rodata._global_impure_ptr
                0x00086890        0x4 c:/users/matt/appdata/local/arduino15/packages/arduino/tools/arm-none-eabi-gcc/4.8.3-2014q1/bin/../lib/gcc/arm-none-eabi/4.8.3/../../../../arm-none-eabi/lib/armv7-m\libg.a(lib_a-impure.o)
                0x00086890                _global_impure_ptr
 .rodata.blanks.6717
                0x00086894       0x10 c:/users/matt/appdata/local/arduino15/packages/arduino/tools/arm-none-eabi-gcc/4.8.3-2014q1/bin/../lib/gcc/arm-none-eabi/4.8.3/../../../../arm-none-eabi/lib/armv7-m\libg.a(lib_a-vfiprintf.o)
 .rodata.str1.4
                0x000868a4       0x30 c:/users/matt/appdata/local/arduino15/packages/arduino/tools/arm-none-eabi-gcc/4.8.3-2014q1/bin/../lib/gcc/arm-none-eabi/4.8.3/../../../../arm-none-eabi/lib/armv7-m\libg.a(lib_a-vfiprintf.o)
 .rodata.zeroes.6718
                0x000868d4       0x10 c:/users/matt/appdata/local/arduino15/packages/arduino/tools/arm-none-eabi-gcc/4.8.3-2014q1/bin/../lib/gcc/arm-none-eabi/4.8.3/../../../../arm-none-eabi/lib/armv7-m\libg.a(lib_a-vfiprintf.o)
 *(.ARM.extab* .gnu.linkonce.armextab.*)
                0x000868e4                . = ALIGN (0x4)
 *(.init)
 .init          0x000868e4        0x4 c:/users/matt/appdata/local/arduino15/packages/arduino/tools/arm-none-eabi-gcc/4.8.3-2014q1/bin/../lib/gcc/arm-none-eabi/4.8.3/armv7-m/crti.o
                0x000868e4                _init
 .init          0x000868e8        0x8 c:/users/matt/appdata/local/arduino15/packages/arduino/tools/arm-none-eabi-gcc/4.8.3-2014q1/bin/../lib/gcc/arm-none-eabi/4.8.3/armv7-m/crtn.o
                0x000868f0                . = ALIGN (0x4)
                0x000868f0                __preinit_array_start = .
 *(.preinit_array)
                0x000868f0                __preinit_array_end = .
                0x000868f0                . = ALIGN (0x4)
                0x000868f0                __init_array_start = .
 *(SORT(.init_array.*))
 .init_array.00000
                0x000868f0        0x4 c:/users/matt/appdata/local/arduino15/packages/arduino/tools/arm-none-eabi-gcc/4.8.3-2014q1/bin/../lib/gcc/arm-none-eabi/4.8.3/../../../../arm-none-eabi/lib/armv7-m\libg.a(lib_a-__call_atexit.o)
 *(.init_array)
 .init_array    0x000868f4        0x4 c:/users/matt/appdata/local/arduino15/packages/arduino/tools/arm-none-eabi-gcc/4.8.3-2014q1/bin/../lib/gcc/arm-none-eabi/4.8.3/armv7-m/crtbegin.o
 .init_array    0x000868f8        0x4 C:\Users\Matt\AppData\Local\Temp\VMBuilds\KeyboardSim\arduino_due_x_dbg\Wire\Wire.cpp.o
 .init_array    0x000868fc        0x4 C:\Users\Matt\AppData\Local\Temp\VMBuilds\KeyboardSim\arduino_due_x_dbg\Keyboard\Keyboard.cpp.o
 .init_array    0x00086900        0x4 C:\Users\Matt\AppData\Local\Temp\VMBuilds\KeyboardSim\arduino_due_x_dbg\VM_DBG\VM_DBG.cpp.o
 .init_array    0x00086904        0x4 C:\Users\Matt\AppData\Local\Temp\VMBuilds\KeyboardSim\arduino_due_x_dbg\variant\variant.cpp.o
 .init_array    0x00086908        0x4 C:\Users\Matt\AppData\Local\Temp\VMBuilds\KeyboardSim\arduino_due_x_dbg/core.a(USBCore.cpp.o)
 .init_array    0x0008690c        0x4 C:\Users\Matt\AppData\Local\Temp\VMBuilds\KeyboardSim\arduino_due_x_dbg/core.a(CDC.cpp.o)
                0x00086910                __init_array_end = .
                0x00086910                . = ALIGN (0x4)
 *crtbegin.o(.ctors)
 *(EXCLUDE_FILE(*crtend.o) .ctors)
 *(SORT(.ctors.*))
 *crtend.o(.ctors)
                0x00086910                . = ALIGN (0x4)
 *(.fini)
 .fini          0x00086910        0x4 c:/users/matt/appdata/local/arduino15/packages/arduino/tools/arm-none-eabi-gcc/4.8.3-2014q1/bin/../lib/gcc/arm-none-eabi/4.8.3/armv7-m/crti.o
                0x00086910                _fini
 .fini          0x00086914        0x8 c:/users/matt/appdata/local/arduino15/packages/arduino/tools/arm-none-eabi-gcc/4.8.3-2014q1/bin/../lib/gcc/arm-none-eabi/4.8.3/armv7-m/crtn.o
                0x0008691c                . = ALIGN (0x4)
                0x0008691c                __fini_array_start = .
 *(.fini_array)
 .fini_array    0x0008691c        0x4 c:/users/matt/appdata/local/arduino15/packages/arduino/tools/arm-none-eabi-gcc/4.8.3-2014q1/bin/../lib/gcc/arm-none-eabi/4.8.3/armv7-m/crtbegin.o
 *(SORT(.fini_array.*))
                0x00086920                __fini_array_end = .
 *crtbegin.o(.dtors)
 *(EXCLUDE_FILE(*crtend.o) .dtors)
 *(SORT(.dtors.*))
 *crtend.o(.dtors)
                0x00086920                . = ALIGN (0x4)
                0x00086920                _efixed = .
                0x00086920                PROVIDE (__exidx_start, .)

.vfp11_veneer   0x00086920        0x0
 .vfp11_veneer  0x00000000        0x0 linker stubs

.v4_bx          0x00086920        0x0
 .v4_bx         0x00000000        0x0 linker stubs

.iplt           0x00086920        0x0
 .iplt          0x00000000        0x0 c:/users/matt/appdata/local/arduino15/packages/arduino/tools/arm-none-eabi-gcc/4.8.3-2014q1/bin/../lib/gcc/arm-none-eabi/4.8.3/armv7-m/crtbegin.o

.ARM.exidx      0x00086920        0x8
 *(.ARM.exidx* .gnu.linkonce.armexidx.*)
 .ARM.exidx     0x00086920        0x8 c:/users/matt/appdata/local/arduino15/packages/arduino/tools/arm-none-eabi-gcc/4.8.3-2014q1/bin/../lib/gcc/arm-none-eabi/4.8.3/armv7-m\libgcc.a(_divdi3.o)
 .ARM.exidx     0x00086928        0x0 c:/users/matt/appdata/local/arduino15/packages/arduino/tools/arm-none-eabi-gcc/4.8.3-2014q1/bin/../lib/gcc/arm-none-eabi/4.8.3/armv7-m\libgcc.a(_udivdi3.o)
                                  0x8 (size before relaxing)
                0x00086928                PROVIDE (__exidx_end, .)

.eh_frame       0x00086928        0x0
 .eh_frame      0x00086928        0x0 c:/users/matt/appdata/local/arduino15/packages/arduino/tools/arm-none-eabi-gcc/4.8.3-2014q1/bin/../lib/gcc/arm-none-eabi/4.8.3/armv7-m/crtbegin.o

.rel.dyn        0x00086928        0x0
 .rel.iplt      0x00000000        0x0 c:/users/matt/appdata/local/arduino15/packages/arduino/tools/arm-none-eabi-gcc/4.8.3-2014q1/bin/../lib/gcc/arm-none-eabi/4.8.3/armv7-m/crtbegin.o

.jcr            0x00086928        0x0
 .jcr           0x00086928        0x0 c:/users/matt/appdata/local/arduino15/packages/arduino/tools/arm-none-eabi-gcc/4.8.3-2014q1/bin/../lib/gcc/arm-none-eabi/4.8.3/armv7-m/crtbegin.o

.igot.plt       0x00086928        0x0
 .igot.plt      0x00000000        0x0 c:/users/matt/appdata/local/arduino15/packages/arduino/tools/arm-none-eabi-gcc/4.8.3-2014q1/bin/../lib/gcc/arm-none-eabi/4.8.3/armv7-m/crtbegin.o
                0x00086928                . = ALIGN (0x4)
                0x00086928                _etext = .

.relocate       0x20070000      0x8d4 load address 0x00086928
                0x20070000                . = ALIGN (0x4)
                0x20070000                _srelocate = .
 *(.ramfunc .ramfunc.*)
 .ramfunc       0x20070000       0x2c C:\Users\Matt\AppData\Local\Temp\VMBuilds\KeyboardSim\arduino_due_x_dbg/core.a(Reset.cpp.o)
                0x20070000                banzai
 *(.data .data.*)
 .data.SystemCoreClock
                0x2007002c        0x4 C:\Users\Matt\AppData\Local\arduino15\packages\arduino\hardware\sam\1.6.9\variants\arduino_due_x/libsam_sam3x8e_gcc_rel.a(system_sam3xa.o)
                0x2007002c                SystemCoreClock
 .data._ZL5ticks
                0x20070030        0x4 C:\Users\Matt\AppData\Local\Temp\VMBuilds\KeyboardSim\arduino_due_x_dbg/core.a(Reset.cpp.o)
 .data.EndPoints
                0x20070034       0x28 C:\Users\Matt\AppData\Local\Temp\VMBuilds\KeyboardSim\arduino_due_x_dbg/core.a(USBCore.cpp.o)
                0x20070034                EndPoints
 .data._ZL10breakValue
                0x2007005c        0x4 C:\Users\Matt\AppData\Local\Temp\VMBuilds\KeyboardSim\arduino_due_x_dbg/core.a(CDC.cpp.o)
 .data._ZL12_usbLineInfo
                0x20070060        0x8 C:\Users\Matt\AppData\Local\Temp\VMBuilds\KeyboardSim\arduino_due_x_dbg/core.a(CDC.cpp.o)
 .data.g_interrupt_enabled
                0x20070068        0x4 C:\Users\Matt\AppData\Local\arduino15\packages\arduino\hardware\sam\1.6.9\variants\arduino_due_x/libsam_sam3x8e_gcc_rel.a(interrupt_sam_nvic.o)
                0x20070068                g_interrupt_enabled
 *fill*         0x2007006c        0x4 
 .data.impure_data
                0x20070070      0x428 c:/users/matt/appdata/local/arduino15/packages/arduino/tools/arm-none-eabi-gcc/4.8.3-2014q1/bin/../lib/gcc/arm-none-eabi/4.8.3/../../../../arm-none-eabi/lib/armv7-m\libg.a(lib_a-impure.o)
 .data._impure_ptr
                0x20070498        0x4 c:/users/matt/appdata/local/arduino15/packages/arduino/tools/arm-none-eabi-gcc/4.8.3-2014q1/bin/../lib/gcc/arm-none-eabi/4.8.3/../../../../arm-none-eabi/lib/armv7-m\libg.a(lib_a-impure.o)
                0x20070498                _impure_ptr
 .data.lc_ctype_charset
                0x2007049c       0x20 c:/users/matt/appdata/local/arduino15/packages/arduino/tools/arm-none-eabi-gcc/4.8.3-2014q1/bin/../lib/gcc/arm-none-eabi/4.8.3/../../../../arm-none-eabi/lib/armv7-m\libg.a(lib_a-locale.o)
 .data.__mb_cur_max
                0x200704bc        0x4 c:/users/matt/appdata/local/arduino15/packages/arduino/tools/arm-none-eabi-gcc/4.8.3-2014q1/bin/../lib/gcc/arm-none-eabi/4.8.3/../../../../arm-none-eabi/lib/armv7-m\libg.a(lib_a-locale.o)
                0x200704bc                __mb_cur_max
 .data.__malloc_av_
                0x200704c0      0x408 c:/users/matt/appdata/local/arduino15/packages/arduino/tools/arm-none-eabi-gcc/4.8.3-2014q1/bin/../lib/gcc/arm-none-eabi/4.8.3/../../../../arm-none-eabi/lib/armv7-m\libg.a(lib_a-mallocr.o)
                0x200704c0                __malloc_av_
 .data.__malloc_trim_threshold
                0x200708c8        0x4 c:/users/matt/appdata/local/arduino15/packages/arduino/tools/arm-none-eabi-gcc/4.8.3-2014q1/bin/../lib/gcc/arm-none-eabi/4.8.3/../../../../arm-none-eabi/lib/armv7-m\libg.a(lib_a-mallocr.o)
                0x200708c8                __malloc_trim_threshold
 .data.__malloc_sbrk_base
                0x200708cc        0x4 c:/users/matt/appdata/local/arduino15/packages/arduino/tools/arm-none-eabi-gcc/4.8.3-2014q1/bin/../lib/gcc/arm-none-eabi/4.8.3/../../../../arm-none-eabi/lib/armv7-m\libg.a(lib_a-mallocr.o)
                0x200708cc                __malloc_sbrk_base
 .data.__wctomb
                0x200708d0        0x4 c:/users/matt/appdata/local/arduino15/packages/arduino/tools/arm-none-eabi-gcc/4.8.3-2014q1/bin/../lib/gcc/arm-none-eabi/4.8.3/../../../../arm-none-eabi/lib/armv7-m\libg.a(lib_a-wctomb_r.o)
                0x200708d0                __wctomb
                0x200708d4                . = ALIGN (0x4)
                0x200708d4                _erelocate = .

.bss            0x200708d4      0x9dc load address 0x000871fc
                0x200708d4                . = ALIGN (0x4)
                0x200708d4                _sbss = .
                0x200708d4                _szero = .
 *(.bss .bss.*)
 .bss           0x200708d4       0x1c c:/users/matt/appdata/local/arduino15/packages/arduino/tools/arm-none-eabi-gcc/4.8.3-2014q1/bin/../lib/gcc/arm-none-eabi/4.8.3/armv7-m/crtbegin.o
 .bss.Wire1     0x200708f0       0x94 C:\Users\Matt\AppData\Local\Temp\VMBuilds\KeyboardSim\arduino_due_x_dbg\Wire\Wire.cpp.o
                0x200708f0                Wire1
 .bss.Wire      0x20070984       0x94 C:\Users\Matt\AppData\Local\Temp\VMBuilds\KeyboardSim\arduino_due_x_dbg\Wire\Wire.cpp.o
                0x20070984                Wire
 .bss._ZGVZN9Keyboard_C1EvE4node
                0x20070a18        0x4 C:\Users\Matt\AppData\Local\Temp\VMBuilds\KeyboardSim\arduino_due_x_dbg\Keyboard\Keyboard.cpp.o
 .bss.Keyboard  0x20070a1c       0x10 C:\Users\Matt\AppData\Local\Temp\VMBuilds\KeyboardSim\arduino_due_x_dbg\Keyboard\Keyboard.cpp.o
                0x20070a1c                Keyboard
 .bss._ZZN9Keyboard_C1EvE4node
                0x20070a2c        0xc C:\Users\Matt\AppData\Local\Temp\VMBuilds\KeyboardSim\arduino_due_x_dbg\Keyboard\Keyboard.cpp.o
 .bss._ZGVZ3HIDvE3obj
                0x20070a38        0x4 C:\Users\Matt\AppData\Local\Temp\VMBuilds\KeyboardSim\arduino_due_x_dbg\HID\HID.cpp.o
 .bss._ZZ3HIDvE3obj
                0x20070a3c       0x1c C:\Users\Matt\AppData\Local\Temp\VMBuilds\KeyboardSim\arduino_due_x_dbg\HID\HID.cpp.o
 .bss.MicroDebug
                0x20070a58       0x4c C:\Users\Matt\AppData\Local\Temp\VMBuilds\KeyboardSim\arduino_due_x_dbg\VM_DBG\VM_DBG.cpp.o
                0x20070a58                MicroDebug
 .bss.tx_buffer2
                0x20070aa4       0x88 C:\Users\Matt\AppData\Local\Temp\VMBuilds\KeyboardSim\arduino_due_x_dbg\variant\variant.cpp.o
                0x20070aa4                tx_buffer2
 .bss.tx_buffer1
                0x20070b2c       0x88 C:\Users\Matt\AppData\Local\Temp\VMBuilds\KeyboardSim\arduino_due_x_dbg\variant\variant.cpp.o
                0x20070b2c                tx_buffer1
 .bss.Serial    0x20070bb4       0x24 C:\Users\Matt\AppData\Local\Temp\VMBuilds\KeyboardSim\arduino_due_x_dbg\variant\variant.cpp.o
                0x20070bb4                Serial
 .bss.rx_buffer1
                0x20070bd8       0x88 C:\Users\Matt\AppData\Local\Temp\VMBuilds\KeyboardSim\arduino_due_x_dbg\variant\variant.cpp.o
                0x20070bd8                rx_buffer1
 .bss.Serial1   0x20070c60       0x28 C:\Users\Matt\AppData\Local\Temp\VMBuilds\KeyboardSim\arduino_due_x_dbg\variant\variant.cpp.o
                0x20070c60                Serial1
 .bss.Serial2   0x20070c88       0x28 C:\Users\Matt\AppData\Local\Temp\VMBuilds\KeyboardSim\arduino_due_x_dbg\variant\variant.cpp.o
                0x20070c88                Serial2
 .bss.Serial3   0x20070cb0       0x28 C:\Users\Matt\AppData\Local\Temp\VMBuilds\KeyboardSim\arduino_due_x_dbg\variant\variant.cpp.o
                0x20070cb0                Serial3
 .bss.tx_buffer3
                0x20070cd8       0x88 C:\Users\Matt\AppData\Local\Temp\VMBuilds\KeyboardSim\arduino_due_x_dbg\variant\variant.cpp.o
                0x20070cd8                tx_buffer3
 .bss.tx_buffer4